Component: ARM Compiler 5.06 update 6 (build 750) Tool: armlink [4d35ed]

==============================================================================

Section Cross References

    startup_stm32f407xx.o(STACK) refers (Special) to heapauxi.o(.text) for __use_two_region_memory
    startup_stm32f407xx.o(HEAP) refers (Special) to heapauxi.o(.text) for __use_two_region_memory
    startup_stm32f407xx.o(RESET) refers (Special) to heapauxi.o(.text) for __use_two_region_memory
    startup_stm32f407xx.o(RESET) refers to startup_stm32f407xx.o(STACK) for __initial_sp
    startup_stm32f407xx.o(RESET) refers to startup_stm32f407xx.o(.text) for Reset_Handler
    startup_stm32f407xx.o(RESET) refers to stm32f4xx_it.o(i.NMI_Handler) for NMI_Handler
    startup_stm32f407xx.o(RESET) refers to stm32f4xx_it.o(i.HardFault_Handler) for HardFault_Handler
    startup_stm32f407xx.o(RESET) refers to stm32f4xx_it.o(i.MemManage_Handler) for MemManage_Handler
    startup_stm32f407xx.o(RESET) refers to stm32f4xx_it.o(i.BusFault_Handler) for BusFault_Handler
    startup_stm32f407xx.o(RESET) refers to stm32f4xx_it.o(i.UsageFault_Handler) for UsageFault_Handler
    startup_stm32f407xx.o(RESET) refers to port.o(.emb_text) for SVC_Handler
    startup_stm32f407xx.o(RESET) refers to stm32f4xx_it.o(i.DebugMon_Handler) for DebugMon_Handler
    startup_stm32f407xx.o(RESET) refers to port.o(i.SysTick_Handler) for SysTick_Handler
    startup_stm32f407xx.o(RESET) refers to stm32f4xx_it.o(i.DMA1_Stream3_IRQHandler) for DMA1_Stream3_IRQHandler
    startup_stm32f407xx.o(RESET) refers to stm32f4xx_it.o(i.TIM1_UP_TIM10_IRQHandler) for TIM1_UP_TIM10_IRQHandler
    startup_stm32f407xx.o(RESET) refers to stm32f4xx_it.o(i.TIM3_IRQHandler) for TIM3_IRQHandler
    startup_stm32f407xx.o(RESET) refers to stm32f4xx_it.o(i.USART3_IRQHandler) for USART3_IRQHandler
    startup_stm32f407xx.o(RESET) refers to stm32f4xx_it.o(i.DMA2_Stream0_IRQHandler) for DMA2_Stream0_IRQHandler
    startup_stm32f407xx.o(RESET) refers to stm32f4xx_it.o(i.OTG_FS_IRQHandler) for OTG_FS_IRQHandler
    startup_stm32f407xx.o(.text) refers (Special) to heapauxi.o(.text) for __use_two_region_memory
    startup_stm32f407xx.o(.text) refers to system_stm32f4xx.o(i.SystemInit) for SystemInit
    startup_stm32f407xx.o(.text) refers to __main.o(!!!main) for __main
    startup_stm32f407xx.o(.text) refers to startup_stm32f407xx.o(HEAP) for Heap_Mem
    startup_stm32f407xx.o(.text) refers to startup_stm32f407xx.o(STACK) for Stack_Mem
    user_task.o(i.Task1) refers to _printf_pad.o(.text) for _printf_pre_padding
    user_task.o(i.Task1) refers to _printf_percent.o(.ARM.Collect$$_printf_percent$$00000000) for _printf_percent
    user_task.o(i.Task1) refers to _printf_d.o(.ARM.Collect$$_printf_percent$$00000009) for _printf_d
    user_task.o(i.Task1) refers to _printf_dec.o(.text) for _printf_int_dec
    user_task.o(i.Task1) refers to noretval__2snprintf.o(.text) for __2snprintf
    user_task.o(i.Task1) refers to stm32f4xx_hal_gpio.o(i.HAL_GPIO_TogglePin) for HAL_GPIO_TogglePin
    user_task.o(i.Task1) refers to strlen.o(.text) for strlen
    user_task.o(i.Task1) refers to usbd_cdc_if.o(i.CDC_Transmit_FS) for CDC_Transmit_FS
    user_task.o(i.Task1) refers to tasks.o(i.vTaskDelay) for vTaskDelay
    user_task.o(i.Task1) refers to adc.o(.bss) for adc_value
    adc.o(i.TaskAdc) refers to tasks.o(i.vTaskDelay) for vTaskDelay
    adc.o(i.TaskAdc) refers to adc.o(.bss) for .bss
    main.o(i.HAL_TIM_PeriodElapsedCallback) refers to stm32f4xx_hal.o(i.HAL_IncTick) for HAL_IncTick
    main.o(i.MX_ADC1_Init) refers to stm32f4xx_hal_adc.o(i.HAL_ADC_Init) for HAL_ADC_Init
    main.o(i.MX_ADC1_Init) refers to stm32f4xx_hal_adc.o(i.HAL_ADC_ConfigChannel) for HAL_ADC_ConfigChannel
    main.o(i.MX_ADC1_Init) refers to main.o(.bss) for .bss
    main.o(i.MX_GPIO_Init) refers to rt_memclr_w.o(.text) for __aeabi_memclr4
    main.o(i.MX_GPIO_Init) refers to stm32f4xx_hal_gpio.o(i.HAL_GPIO_WritePin) for HAL_GPIO_WritePin
    main.o(i.MX_GPIO_Init) refers to stm32f4xx_hal_gpio.o(i.HAL_GPIO_Init) for HAL_GPIO_Init
    main.o(i.MX_RTC_Init) refers to rt_memclr_w.o(.text) for __aeabi_memclr4
    main.o(i.MX_RTC_Init) refers to stm32f4xx_hal_rtc.o(i.HAL_RTC_Init) for HAL_RTC_Init
    main.o(i.MX_RTC_Init) refers to stm32f4xx_hal_rtc.o(i.HAL_RTC_SetTime) for HAL_RTC_SetTime
    main.o(i.MX_RTC_Init) refers to stm32f4xx_hal_rtc.o(i.HAL_RTC_SetDate) for HAL_RTC_SetDate
    main.o(i.MX_RTC_Init) refers to main.o(.bss) for .bss
    main.o(i.MX_TIM1_Init) refers to stm32f4xx_hal_tim.o(i.HAL_TIM_Base_Init) for HAL_TIM_Base_Init
    main.o(i.MX_TIM1_Init) refers to stm32f4xx_hal_tim.o(i.HAL_TIM_ConfigClockSource) for HAL_TIM_ConfigClockSource
    main.o(i.MX_TIM1_Init) refers to stm32f4xx_hal_tim_ex.o(i.HAL_TIMEx_MasterConfigSynchronization) for HAL_TIMEx_MasterConfigSynchronization
    main.o(i.MX_TIM1_Init) refers to main.o(.bss) for .bss
[...]
    __rt_lib_shutdown_user_alloc_1           0x08000251   Thumb Code     0  libshutdown2.o(.ARM.Collect$$libshutdown$$0000000C)
    __rt_entry                               0x08000253   Thumb Code     0  __rtentry.o(.ARM.Collect$$rtentry$$00000000)
    __rt_entry_presh_1                       0x08000253   Thumb Code     0  __rtentry2.o(.ARM.Collect$$rtentry$$00000002)
    __rt_entry_sh                            0x08000253   Thumb Code     0  __rtentry4.o(.ARM.Collect$$rtentry$$00000004)
    __rt_entry_li                            0x08000259   Thumb Code     0  __rtentry2.o(.ARM.Collect$$rtentry$$0000000A)
    __rt_entry_postsh_1                      0x08000259   Thumb Code     0  __rtentry2.o(.ARM.Collect$$rtentry$$00000009)
    __rt_entry_main                          0x0800025d   Thumb Code     0  __rtentry2.o(.ARM.Collect$$rtentry$$0000000D)
    __rt_entry_postli_1                      0x0800025d   Thumb Code     0  __rtentry2.o(.ARM.Collect$$rtentry$$0000000C)
    __rt_exit                                0x08000265   Thumb Code     0  rtexit.o(.ARM.Collect$$rtexit$$00000000)
    __rt_exit_ls                             0x08000267   Thumb Code     0  rtexit2.o(.ARM.Collect$$rtexit$$00000003)
    __rt_exit_prels_1                        0x08000267   Thumb Code     0  rtexit2.o(.ARM.Collect$$rtexit$$00000002)
    __rt_exit_exit                           0x0800026b   Thumb Code     0  rtexit2.o(.ARM.Collect$$rtexit$$00000004)
    SVC_Handler                              0x08000271   Thumb Code    28  port.o(.emb_text)
    __asm___6_port_c_39a90d8d__prvStartFirstTask 0x08000291   Thumb Code    36  port.o(.emb_text)
    __asm___6_port_c_39a90d8d__prvEnableVFP  0x080002b9   Thumb Code    16  port.o(.emb_text)
    PendSV_Handler                           0x080002cd   Thumb Code    88  port.o(.emb_text)
    vPortGetIPSR                             0x08000329   Thumb Code     6  port.o(.emb_text)
    Reset_Handler                            0x08000331   Thumb Code     8  startup_stm32f407xx.o(.text)
    ADC_IRQHandler                           0x0800034b   Thumb Code     0  startup_stm32f407xx.o(.text)
    CAN1_RX0_IRQHandler                      0x0800034b   Thumb Code     0  startup_stm32f407xx.o(.text)
    CAN1_RX1_IRQHandler                      0x0800034b   Thumb Code     0  startup_stm32f407xx.o(.text)
    CAN1_SCE_IRQHandler                      0x0800034b   Thumb Code     0  startup_stm32f407xx.o(.text)
    CAN1_TX_IRQHandler                       0x0800034b   Thumb Code     0  startup_stm32f407xx.o(.text)
    CAN2_RX0_IRQHandler                      0x0800034b   Thumb Code     0  startup_stm32f407xx.o(.text)
    CAN2_RX1_IRQHandler                      0x0800034b   Thumb Code     0  startup_stm32f407xx.o(.text)
    CAN2_SCE_IRQHandler                      0x0800034b   Thumb Code     0  startup_stm32f407xx.o(.text)
    CAN2_TX_IRQHandler                       0x0800034b   Thumb Code     0  startup_stm32f407xx.o(.text)
    DCMI_IRQHandler                          0x0800034b   Thumb Code     0  startup_stm32f407xx.o(.text)
    DMA1_Stream0_IRQHandler                  0x0800034b   Thumb Code     0  startup_stm32f407xx.o(.text)
    DMA1_Stream1_IRQHandler                  0x0800034b   Thumb Code     0  startup_stm32f407xx.o(.text)
    DMA1_Stream2_IRQHandler                  0x0800034b   Thumb Code     0  startup_stm32f407xx.o(.text)
    DMA1_Stream4_IRQHandler                  0x0800034b   Thumb Code     0  startup_stm32f407xx.o(.text)
    DMA1_Stream5_IRQHandler                  0x0800034b   Thumb Code     0  startup_stm32f407xx.o(.text)
    DMA1_Stream6_IRQHandler                  0x0800034b   Thumb Code     0  startup_stm32f407xx.o(.text)
    DMA1_Stream7_IRQHandler                  0x0800034b   Thumb Code     0  startup_stm32f407xx.o(.text)
    DMA2_Stream1_IRQHandler                  0x0800034b   Thumb Code     0  startup_stm32f407xx.o(.text)
    DMA2_Stream2_IRQHandler                  0x0800034b   Thumb Code     0  startup_stm32f407xx.o(.text)
    DMA2_Stream3_IRQHandler                  0x0800034b   Thumb Code     0  startup_stm32f407xx.o(.text)
    DMA2_Stream4_IRQHandler                  0x0800034b   Thumb Code     0  startup_stm32f407xx.o(.text)
    DMA2_Stream5_IRQHandler                  0x0800034b   Thumb Code     0  startup_stm32f407xx.o(.text)
    DMA2_Stream6_IRQHandler                  0x0800034b   Thumb Code     0  startup_stm32f407xx.o(.text)
    DMA2_Stream7_IRQHandler                  0x0800034b   Thumb Code     0  startup_stm32f407xx.o(.text)
    ETH_IRQHandler                           0x0800034b   Thumb Code     0  startup_stm32f407xx.o(.text)
    ETH_WKUP_IRQHandler                      0x0800034b   Thumb Code     0  startup_stm32f407xx.o(.text)
    EXTI0_IRQHandler                         0x0800034b   Thumb Code     0  startup_stm32f407xx.o(.text)
    EXTI15_10_IRQHandler                     0x0800034b   Thumb Code     0  startup_stm32f407xx.o(.text)
    EXTI1_IRQHandler                         0x0800034b   Thumb Code     0  startup_stm32f407xx.o(.text)
    EXTI2_IRQHandler                         0x0800034b   Thumb Code     0  startup_stm32f407xx.o(.text)
    EXTI3_IRQHandler                         0x0800034b   Thumb Code     0  startup_stm32f407xx.o(.text)
    EXTI4_IRQHandler                         0x0800034b   Thumb Code     0  startup_stm32f407xx.o(.text)
    EXTI9_5_IRQHandler                       0x0800034b   Thumb Code     0  startup_stm32f407xx.o(.text)
    FLASH_IRQHandler                         0x0800034b   Thumb Code     0  startup_stm32f407xx.o(.text)
    FMC_IRQHandler                           0x0800034b   Thumb Code     0  startup_stm32f407xx.o(.text)
    FPU_IRQHandler                           0x0800034b   Thumb Code     0  startup_stm32f407xx.o(.text)
    HASH_RNG_IRQHandler                      0x0800034b   Thumb Code     0  startup_stm32f407xx.o(.text)
    I2C1_ER_IRQHandler                       0x0800034b   Thumb Code     0  startup_stm32f407xx.o(.text)
    I2C1_EV_IRQHandler                       0x0800034b   Thumb Code     0  startup_stm32f407xx.o(.text)
    I2C2_ER_IRQHandler                       0x0800034b   Thumb Code     0  startup_stm32f407xx.o(.text)
    I2C2_EV_IRQHandler                       0x0800034b   Thumb Code     0  startup_stm32f407xx.o(.text)
    I2C3_ER_IRQHandler                       0x0800034b   Thumb Code     0  startup_stm32f407xx.o(.text)
    I2C3_EV_IRQHandler                       0x0800034b   Thumb Code     0  startup_stm32f407xx.o(.text)
    OTG_FS_WKUP_IRQHandler                   0x0800034b   Thumb Code     0  startup_stm32f407xx.o(.text)
    OTG_HS_EP1_IN_IRQHandler                 0x0800034b   Thumb Code     0  startup_stm32f407xx.o(.text)
    OTG_HS_EP1_OUT_IRQHandler                0x0800034b   Thumb Code     0  startup_stm32f407xx.o(.text)
    OTG_HS_IRQHandler                        0x0800034b   Thumb Code     0  startup_stm32f407xx.o(.text)
    OTG_HS_WKUP_IRQHandler                   0x0800034b   Thumb Code     0  startup_stm32f407xx.o(.text)
    PVD_IRQHandler                           0x0800034b   Thumb Code     0  startup_stm32f407xx.o(.text)
    RCC_IRQHandler                           0x0800034b   Thumb Code     0  startup_stm32f407xx.o(.text)
    RTC_Alarm_IRQHandler                     0x0800034b   Thumb Code     0  startup_stm32f407xx.o(.text)
    RTC_WKUP_IRQHandler                      0x0800034b   Thumb Code     0  startup_stm32f407xx.o(.text)
    SDIO_IRQHandler                          0x0800034b   Thumb Code     0  startup_stm32f407xx.o(.text)
    SPI1_IRQHandler                          0x0800034b   Thumb Code     0  startup_stm32f407xx.o(.text)
    SPI2_IRQHandler                          0x0800034b   Thumb Code     0  startup_stm32f407xx.o(.text)
    SPI3_IRQHandler                          0x0800034b   Thumb Code     0  startup_stm32f407xx.o(.text)
    TAMP_STAMP_IRQHandler                    0x0800034b   Thumb Code     0  startup_stm32f407xx.o(.text)
    TIM1_BRK_TIM9_IRQHandler                 0x0800034b   Thumb Code     0  startup_stm32f407xx.o(.text)
    TIM1_CC_IRQHandler                       0x0800034b   Thumb Code     0  startup_stm32f407xx.o(.text)
    TIM1_TRG_COM_TIM11_IRQHandler            0x0800034b   Thumb Code     0  startup_stm32f407xx.o(.text)
    TIM2_IRQHandler                          0x0800034b   Thumb Code     0  startup_stm32f407xx.o(.text)
    TIM4_IRQHandler                          0x0800034b   Thumb Code     0  startup_stm32f407xx.o(.text)
    TIM5_IRQHandler                          0x0800034b   Thumb Code     0  startup_stm32f407xx.o(.text)
    TIM6_DAC_IRQHandler                      0x0800034b   Thumb Code     0  startup_stm32f407xx.o(.text)
    TIM7_IRQHandler                          0x0800034b   Thumb Code     0  startup_stm32f407xx.o(.text)
    TIM8_BRK_TIM12_IRQHandler                0x0800034b   Thumb Code     0  startup_stm32f407xx.o(.text)
    TIM8_CC_IRQHandler                       0x0800034b   Thumb Code     0  startup_stm32f407xx.o(.text)
    TIM8_TRG_COM_TIM14_IRQHandler            0x0800034b   Thumb Code     0  startup_stm32f407xx.o(.text)
    TIM8_UP_TIM13_IRQHandler                 0x0800034b   Thumb Code     0  startup_stm32f407xx.o(.text)
    UART4_IRQHandler                         0x0800034b   Thumb Code     0  startup_stm32f407xx.o(.text)
    UART5_IRQHandler                         0x0800034b   Thumb Code     0  startup_stm32f407xx.o(.text)
    USART1_IRQHandler                        0x0800034b   Thumb Code     0  startup_stm32f407xx.o(.text)
    USART2_IRQHandler                        0x0800034b   Thumb Code     0  startup_stm32f407xx.o(.text)
    USART6_IRQHandler                        0x0800034b   Thumb Code     0  startup_stm32f407xx.o(.text)
    WWDG_IRQHandler                          0x0800034b   Thumb Code     0  startup_stm32f407xx.o(.text)
    __user_initial_stackheap                 0x0800034d   Thumb Code     0  startup_stm32f407xx.o(.text)
    __aeabi_uldivmod                         0x08000371   Thumb Code     0  lludivv7m.o(.text)
    _ll_udiv                                 0x08000371   Thumb Code   238  lludivv7m.o(.text)
    __2snprintf                              0x08000461   Thumb Code    48  noretval__2snprintf.o(.text)
    _printf_pre_padding                      0x08000495   Thumb Code    44  _printf_pad.o(.text)
    _printf_post_padding                     0x080004c1   Thumb Code    34  _printf_pad.o(.text)
    _printf_int_dec                          0x080004e5   Thumb Code   104  _printf_dec.o(.text)
    __printf                                 0x0800055d   Thumb Code   308  __printf_flags_wp.o(.text)
    strlen                                   0x08000695   Thumb Code    62  strlen.o(.text)
    __aeabi_memcpy4                          0x080006d3   Thumb Code     0  rt_memcpy_w.o(.text)
    __aeabi_memcpy8                          0x080006d3   Thumb Code     0  rt_memcpy_w.o(.text)
    __rt_memcpy_w                            0x080006d3   Thumb Code   100  rt_memcpy_w.o(.text)
    _memcpy_lastbytes_aligned                0x0800071b   Thumb Code     0  rt_memcpy_w.o(.text)
    __aeabi_memclr4                          0x08000737   Thumb Code     0  rt_memclr_w.o(.text)
    __aeabi_memclr8                          0x08000737   Thumb Code     0  rt_memclr_w.o(.text)
    __rt_memclr_w                            0x08000737   Thumb Code    78  rt_memclr_w.o(.text)
    _memset_w                                0x0800073b   Thumb Code     0  rt_memclr_w.o(.text)
    __use_two_region_memory                  0x08000785   Thumb Code     2  heapauxi.o(.text)
    __rt_heap_escrow$2region                 0x08000787   Thumb Code     2  heapauxi.o(.text)
    __rt_heap_expand$2region                 0x08000789   Thumb Code     2  heapauxi.o(.text)
    _printf_int_common                       0x0800078b   Thumb Code   178  _printf_intcommon.o(.text)
    _printf_char_common                      0x08000847   Thumb Code    32  _printf_char_common.o(.text)
    _sputc                                   0x0800086d   Thumb Code    10  _sputc.o(.text)
    _snputc                                  0x08000877   Thumb Code    16  _snputc.o(.text)
    __user_setup_stackheap                   0x08000887   Thumb Code    74  sys_stackheap_outer.o(.text)
    exit                                     0x080008d1   Thumb Code    18  exit.o(.text)
    __user_libspace                          0x080008e5   Thumb Code     8  libspace.o(.text)
    __user_perproc_libspace                  0x080008e5   Thumb Code     0  libspace.o(.text)
    __user_perthread_libspace                0x080008e5   Thumb Code     0  libspace.o(.text)
    _sys_exit                                0x080008ed   Thumb Code     8  sys_exit.o(.text)
    __I$use$semihosting                      0x080008f9   Thumb Code     0  use_no_semi.o(.text)
    __use_no_semihosting_swi                 0x080008f9   Thumb Code     2  use_no_semi.o(.text)
    __semihosting_library_function           0x080008fb   Thumb Code     0  indicate_semi.o(.text)
    BusFault_Handler                         0x08000ab1   Thumb Code     2  stm32f4xx_it.o(i.BusFault_Handler)
    CDC_Transmit_FS                          0x08000afd   Thumb Code    38  usbd_cdc_if.o(i.CDC_Transmit_FS)
    DMA1_Stream3_IRQHandler                  0x08000b29   Thumb Code     6  stm32f4xx_it.o(i.DMA1_Stream3_IRQHandler)
    DMA2_Stream0_IRQHandler                  0x08000b35   Thumb Code     6  stm32f4xx_it.o(i.DMA2_Stream0_IRQHandler)
    DebugMon_Handler                         0x08000be5   Thumb Code     2  stm32f4xx_it.o(i.DebugMon_Handler)
    Error_Handler                            0x08000be7   Thumb Code     4  main.o(i.Error_Handler)
    HAL_ADC_ConfigChannel                    0x08000bed   Thumb Code   316  stm32f4xx_hal_adc.o(i.HAL_ADC_ConfigChannel)
    HAL_ADC_ConvCpltCallback                 0x08000d39   Thumb Code     2  stm32f4xx_hal_adc.o(i.HAL_ADC_ConvCpltCallback)
    HAL_ADC_ConvHalfCpltCallback             0x08000d3b   Thumb Code     2  stm32f4xx_hal_adc.o(i.HAL_ADC_ConvHalfCpltCallback)
    HAL_ADC_ErrorCallback                    0x08000d3d   Thumb Code     2  stm32f4xx_hal_adc.o(i.HAL_ADC_ErrorCallback)
    HAL_ADC_Init                             0x08000d3f   Thumb Code    84  stm32f4xx_hal_adc.o(i.HAL_ADC_Init)
    HAL_ADC_MspInit                          0x08000d95   Thumb Code   132  stm32f4xx_hal_msp.o(i.HAL_ADC_MspInit)
    HAL_ADC_Start_DMA                        0x08000e2d   Thumb Code   302  stm32f4xx_hal_adc.o(i.HAL_ADC_Start_DMA)
    HAL_DMA_Abort                            0x08000f81   Thumb Code   146  stm32f4xx_hal_dma.o(i.HAL_DMA_Abort)
    HAL_DMA_Abort_IT                         0x08001013   Thumb Code    36  stm32f4xx_hal_dma.o(i.HAL_DMA_Abort_IT)
    HAL_DMA_IRQHandler                       0x08001039   Thumb Code   412  stm32f4xx_hal_dma.o(i.HAL_DMA_IRQHandler)
    HAL_DMA_Init                             0x080011d9   Thumb Code   206  stm32f4xx_hal_dma.o(i.HAL_DMA_Init)
    HAL_DMA_Start_IT                         0x080012ad   Thumb Code   110  stm32f4xx_hal_dma.o(i.HAL_DMA_Start_IT)
    HAL_Delay                                0x0800131d   Thumb Code    32  stm32f4xx_hal.o(i.HAL_Delay)
    HAL_GPIO_Init                            0x08001341   Thumb Code   450  stm32f4xx_hal_gpio.o(i.HAL_GPIO_Init)
    HAL_GPIO_TogglePin                       0x08001531   Thumb Code    16  stm32f4xx_hal_gpio.o(i.HAL_GPIO_TogglePin)
    HAL_GPIO_WritePin                        0x08001541   Thumb Code    10  stm32f4xx_hal_gpio.o(i.HAL_GPIO_WritePin)
    HAL_GetTick                              0x0800154d   Thumb Code     6  stm32f4xx_hal.o(i.HAL_GetTick)
    HAL_I2C_Init                             0x08001559   Thumb Code   376  stm32f4xx_hal_i2c.o(i.HAL_I2C_Init)
    HAL_I2C_MspInit                          0x080016e1   Thumb Code    92  stm32f4xx_hal_msp.o(i.HAL_I2C_MspInit)
    HAL_IncTick                              0x08001749   Thumb Code    12  stm32f4xx_hal.o(i.HAL_IncTick)
    HAL_Init                                 0x08001759   Thumb Code    48  stm32f4xx_hal.o(i.HAL_Init)
    HAL_InitTick                             0x0800178d   Thumb Code   132  stm32f4xx_hal_timebase_tim.o(i.HAL_InitTick)
    HAL_MspInit                              0x08001825   Thumb Code    52  stm32f4xx_hal_msp.o(i.HAL_MspInit)
    HAL_NVIC_EnableIRQ                       0x0800185d   Thumb Code    26  stm32f4xx_hal_cortex.o(i.HAL_NVIC_EnableIRQ)
    HAL_NVIC_SetPriority                     0x08001879   Thumb Code    60  stm32f4xx_hal_cortex.o(i.HAL_NVIC_SetPriority)
    HAL_NVIC_SetPriorityGrouping             0x080018b9   Thumb Code    26  stm32f4xx_hal_cortex.o(i.HAL_NVIC_SetPriorityGrouping)
    HAL_PCDEx_LPM_Callback                   0x080018dd   Thumb Code     2  stm32f4xx_hal_pcd_ex.o(i.HAL_PCDEx_LPM_Callback)
    HAL_PCDEx_SetRxFiFo                      0x080018df   Thumb Code     8  stm32f4xx_hal_pcd_ex.o(i.HAL_PCDEx_SetRxFiFo)
    HAL_PCDEx_SetTxFiFo                      0x080018e7   Thumb Code    68  stm32f4xx_hal_pcd_ex.o(i.HAL_PCDEx_SetTxFiFo)
    HAL_PCD_ConnectCallback                  0x0800192b   Thumb Code     8  usbd_conf.o(i.HAL_PCD_ConnectCallback)
    HAL_PCD_DataInStageCallback              0x08001933   Thumb Code    18  usbd_conf.o(i.HAL_PCD_DataInStageCallback)
    HAL_PCD_DataOutStageCallback             0x08001945   Thumb Code    20  usbd_conf.o(i.HAL_PCD_DataOutStageCallback)
    HAL_PCD_DisconnectCallback               0x08001959   Thumb Code     8  usbd_conf.o(i.HAL_PCD_DisconnectCallback)
    HAL_PCD_EP_Abort                         0x08001961   Thumb Code    30  stm32f4xx_hal_pcd.o(i.HAL_PCD_EP_Abort)
    HAL_PCD_EP_Close                         0x0800197f   Thumb Code    76  stm32f4xx_hal_pcd.o(i.HAL_PCD_EP_Close)
    HAL_PCD_EP_ClrStall                      0x080019cb   Thumb Code    92  stm32f4xx_hal_pcd.o(i.HAL_PCD_EP_ClrStall)
    HAL_PCD_EP_GetRxCount                    0x08001a27   Thumb Code    18  stm32f4xx_hal_pcd.o(i.HAL_PCD_EP_GetRxCount)
    HAL_PCD_EP_Open                          0x08001a39   Thumb Code    96  stm32f4xx_hal_pcd.o(i.HAL_PCD_EP_Open)
    HAL_PCD_EP_Receive                       0x08001a99   Thumb Code    72  stm32f4xx_hal_pcd.o(i.HAL_PCD_EP_Receive)
    HAL_PCD_EP_SetStall                      0x08001ae1   Thumb Code   116  stm32f4xx_hal_pcd.o(i.HAL_PCD_EP_SetStall)
    HAL_PCD_EP_Transmit                      0x08001b55   Thumb Code    64  stm32f4xx_hal_pcd.o(i.HAL_PCD_EP_Transmit)
    HAL_PCD_IRQHandler                       0x08001b95   Thumb Code  1376  stm32f4xx_hal_pcd.o(i.HAL_PCD_IRQHandler)
    HAL_PCD_ISOINIncompleteCallback          0x080020f5   Thumb Code     8  usbd_conf.o(i.HAL_PCD_ISOINIncompleteCallback)
    HAL_PCD_ISOOUTIncompleteCallback         0x080020fd   Thumb Code     8  usbd_conf.o(i.HAL_PCD_ISOOUTIncompleteCallback)
    HAL_PCD_Init                             0x08002105   Thumb Code   226  stm32f4xx_hal_pcd.o(i.HAL_PCD_Init)
    HAL_PCD_MspInit                          0x080021e9   Thumb Code   122  usbd_conf.o(i.HAL_PCD_MspInit)
    HAL_PCD_ResetCallback                    0x0800226d   Thumb Code    44  usbd_conf.o(i.HAL_PCD_ResetCallback)
    HAL_PCD_ResumeCallback                   0x08002299   Thumb Code     8  usbd_conf.o(i.HAL_PCD_ResumeCallback)
    HAL_PCD_SOFCallback                      0x080022a1   Thumb Code     8  usbd_conf.o(i.HAL_PCD_SOFCallback)
    HAL_PCD_SetAddress                       0x080022a9   Thumb Code    40  stm32f4xx_hal_pcd.o(i.HAL_PCD_SetAddress)
    HAL_PCD_SetupStageCallback               0x080022d1   Thumb Code    14  usbd_conf.o(i.HAL_PCD_SetupStageCallback)
    HAL_PCD_Start                            0x080022df   Thumb Code    66  stm32f4xx_hal_pcd.o(i.HAL_PCD_Start)
    HAL_PCD_SuspendCallback                  0x08002321   Thumb Code    44  usbd_conf.o(i.HAL_PCD_SuspendCallback)
    HAL_RCCEx_PeriphCLKConfig                0x08002351   Thumb Code   296  stm32f4xx_hal_rcc_ex.o(i.HAL_RCCEx_PeriphCLKConfig)
    HAL_RCC_ClockConfig                      0x0800248d   Thumb Code   288  stm32f4xx_hal_rcc.o(i.HAL_RCC_ClockConfig)
    HAL_RCC_GetClockConfig                   0x080025c1   Thumb Code    54  stm32f4xx_hal_rcc.o(i.HAL_RCC_GetClockConfig)
    HAL_RCC_GetHCLKFreq                      0x08002601   Thumb Code     6  stm32f4xx_hal_rcc.o(i.HAL_RCC_GetHCLKFreq)
    HAL_RCC_GetPCLK1Freq                     0x0800260d   Thumb Code    20  stm32f4xx_hal_rcc.o(i.HAL_RCC_GetPCLK1Freq)
    HAL_RCC_GetPCLK2Freq                     0x0800262d   Thumb Code    20  stm32f4xx_hal_rcc.o(i.HAL_RCC_GetPCLK2Freq)
    HAL_RCC_GetSysClockFreq                  0x0800264d   Thumb Code    88  stm32f4xx_hal_rcc.o(i.HAL_RCC_GetSysClockFreq)
    HAL_RCC_OscConfig                        0x080026ad   Thumb Code   856  stm32f4xx_hal_rcc.o(i.HAL_RCC_OscConfig)
    HAL_RTC_Init                             0x08002a19   Thumb Code   136  stm32f4xx_hal_rtc.o(i.HAL_RTC_Init)
    HAL_RTC_MspInit                          0x08002aa5   Thumb Code    48  stm32f4xx_hal_msp.o(i.HAL_RTC_MspInit)
    HAL_RTC_SetDate                          0x08002add   Thumb Code   146  stm32f4xx_hal_rtc.o(i.HAL_RTC_SetDate)
    HAL_RTC_SetTime                          0x08002b75   Thumb Code   186  stm32f4xx_hal_rtc.o(i.HAL_RTC_SetTime)
    HAL_RTC_WaitForSynchro                   0x08002c35   Thumb Code    54  stm32f4xx_hal_rtc.o(i.HAL_RTC_WaitForSynchro)
    HAL_TIMEx_BreakCallback                  0x08002c6b   Thumb Code     2  stm32f4xx_hal_tim_ex.o(i.HAL_TIMEx_BreakCallback)
    HAL_TIMEx_CommutCallback                 0x08002c6d   Thumb Code     2  stm32f4xx_hal_tim_ex.o(i.HAL_TIMEx_CommutCallback)
    HAL_TIMEx_MasterConfigSynchronization    0x08002c71   Thumb Code   116  stm32f4xx_hal_tim_ex.o(i.HAL_TIMEx_MasterConfigSynchronization)
    HAL_TIM_Base_Init                        0x08002d01   Thumb Code    90  stm32f4xx_hal_tim.o(i.HAL_TIM_Base_Init)
    HAL_TIM_Base_MspInit                     0x08002d5d   Thumb Code    50  stm32f4xx_hal_msp.o(i.HAL_TIM_Base_MspInit)
    HAL_TIM_Base_Start_IT                    0x08002d99   Thumb Code   100  stm32f4xx_hal_tim.o(i.HAL_TIM_Base_Start_IT)
    HAL_TIM_ConfigClockSource                0x08002e19   Thumb Code   220  stm32f4xx_hal_tim.o(i.HAL_TIM_ConfigClockSource)
    HAL_TIM_IC_CaptureCallback               0x08002ef5   Thumb Code     2  stm32f4xx_hal_tim.o(i.HAL_TIM_IC_CaptureCallback)
    HAL_TIM_IRQHandler                       0x08002ef7   Thumb Code   358  stm32f4xx_hal_tim.o(i.HAL_TIM_IRQHandler)
    HAL_TIM_OC_DelayElapsedCallback          0x0800305d   Thumb Code     2  stm32f4xx_hal_tim.o(i.HAL_TIM_OC_DelayElapsedCallback)
    HAL_TIM_PWM_PulseFinishedCallback        0x0800305f   Thumb Code     2  stm32f4xx_hal_tim.o(i.HAL_TIM_PWM_PulseFinishedCallback)
    HAL_TIM_PeriodElapsedCallback            0x08003061   Thumb Code    14  main.o(i.HAL_TIM_PeriodElapsedCallback)
    HAL_TIM_TriggerCallback                  0x08003075   Thumb Code     2  stm32f4xx_hal_tim.o(i.HAL_TIM_TriggerCallback)
    HAL_UARTEx_RxEventCallback               0x08003077   Thumb Code     2  stm32f4xx_hal_uart.o(i.HAL_UARTEx_RxEventCallback)
    HAL_UART_ErrorCallback                   0x08003079   Thumb Code     2  stm32f4xx_hal_uart.o(i.HAL_UART_ErrorCallback)
    HAL_UART_IRQHandler                      0x0800307d   Thumb Code   610  stm32f4xx_hal_uart.o(i.HAL_UART_IRQHandler)
    HAL_UART_Init                            0x080032e5   Thumb Code    98  stm32f4xx_hal_uart.o(i.HAL_UART_Init)
    HAL_UART_MspInit                         0x08003349   Thumb Code   158  stm32f4xx_hal_msp.o(i.HAL_UART_MspInit)
    HAL_UART_RxCpltCallback                  0x080033fd   Thumb Code     2  stm32f4xx_hal_uart.o(i.HAL_UART_RxCpltCallback)
    HAL_UART_TxCpltCallback                  0x080033ff   Thumb Code     2  stm32f4xx_hal_uart.o(i.HAL_UART_TxCpltCallback)
    HardFault_Handler                        0x08003401   Thumb Code     2  stm32f4xx_it.o(i.HardFault_Handler)
    MX_USB_DEVICE_Init                       0x08003635   Thumb Code    66  usb_device.o(i.MX_USB_DEVICE_Init)
    MemManage_Handler                        0x08003689   Thumb Code     2  stm32f4xx_it.o(i.MemManage_Handler)
    NMI_Handler                              0x0800368b   Thumb Code     2  stm32f4xx_it.o(i.NMI_Handler)
    OTG_FS_IRQHandler                        0x0800368d   Thumb Code     6  stm32f4xx_it.o(i.OTG_FS_IRQHandler)
    RTC_ByteToBcd2                           0x08003807   Thumb Code    24  stm32f4xx_hal_rtc.o(i.RTC_ByteToBcd2)
    RTC_EnterInitMode                        0x08003821   Thumb Code    72  stm32f4xx_hal_rtc.o(i.RTC_EnterInitMode)
    RTC_ExitInitMode                         0x08003869   Thumb Code    42  stm32f4xx_hal_rtc.o(i.RTC_ExitInitMode)
    StartDefaultTask                         0x0800389d   Thumb Code    12  main.o(i.StartDefaultTask)
    SysTick_Handler                          0x080038a9   Thumb Code    38  port.o(i.SysTick_Handler)
    SystemClock_Config                       0x080038d5   Thumb Code   146  main.o(i.SystemClock_Config)
    SystemInit                               0x08003971   Thumb Code    12  system_stm32f4xx.o(i.SystemInit)
    TIM1_UP_TIM10_IRQHandler                 0x08003981   Thumb Code     6  stm32f4xx_it.o(i.TIM1_UP_TIM10_IRQHandler)
    TIM3_IRQHandler                          0x0800398d   Thumb Code     6  stm32f4xx_it.o(i.TIM3_IRQHandler)
    TIM_Base_SetConfig                       0x08003999   Thumb Code   156  stm32f4xx_hal_tim.o(i.TIM_Base_SetConfig)
    TIM_ETR_SetConfig                        0x08003a61   Thumb Code    20  stm32f4xx_hal_tim.o(i.TIM_ETR_SetConfig)
    Task1                                    0x08003acd   Thumb Code    60  user_task.o(i.Task1)
    TaskAdc                                  0x08003b29   Thumb Code    42  adc.o(i.TaskAdc)
    USART3_IRQHandler                        0x08003d85   Thumb Code     6  stm32f4xx_it.o(i.USART3_IRQHandler)
    USBD_CDC_GetDeviceQualifierDescriptor    0x08003f0d   Thumb Code     8  usbd_cdc.o(i.USBD_CDC_GetDeviceQualifierDescriptor)
    USBD_CDC_ReceivePacket                   0x080040e9   Thumb Code    50  usbd_cdc.o(i.USBD_CDC_ReceivePacket)
    USBD_CDC_RegisterInterface               0x08004121   Thumb Code    22  usbd_cdc.o(i.USBD_CDC_RegisterInterface)
    USBD_CDC_SetRxBuffer                     0x08004137   Thumb Code    26  usbd_cdc.o(i.USBD_CDC_SetRxBuffer)
    USBD_CDC_SetTxBuffer                     0x08004151   Thumb Code    30  usbd_cdc.o(i.USBD_CDC_SetTxBuffer)
    USBD_CDC_TransmitPacket                  0x08004245   Thumb Code    76  usbd_cdc.o(i.USBD_CDC_TransmitPacket)
    USBD_ClrClassConfig                      0x08004295   Thumb Code    20  usbd_core.o(i.USBD_ClrClassConfig)
    USBD_CoreFindEP                          0x080042a9   Thumb Code     4  usbd_core.o(i.USBD_CoreFindEP)
    USBD_CoreFindIF                          0x080042ad   Thumb Code     4  usbd_core.o(i.USBD_CoreFindIF)
    USBD_CtlContinueRx                       0x080042b1   Thumb Code    16  usbd_ioreq.o(i.USBD_CtlContinueRx)
    USBD_CtlContinueSendData                 0x080042c1   Thumb Code    16  usbd_ioreq.o(i.USBD_CtlContinueSendData)
    USBD_CtlError                            0x080042d1   Thumb Code    22  usbd_ctlreq.o(i.USBD_CtlError)
    USBD_CtlPrepareRx                        0x080042e7   Thumb Code    30  usbd_ioreq.o(i.USBD_CtlPrepareRx)
    USBD_CtlReceiveStatus                    0x08004305   Thumb Code    22  usbd_ioreq.o(i.USBD_CtlReceiveStatus)
    USBD_CtlSendData                         0x0800431b   Thumb Code    26  usbd_ioreq.o(i.USBD_CtlSendData)
    USBD_CtlSendStatus                       0x08004335   Thumb Code    22  usbd_ioreq.o(i.USBD_CtlSendStatus)
    USBD_FS_ConfigStrDescriptor              0x0800434d   Thumb Code    16  usbd_desc.o(i.USBD_FS_ConfigStrDescriptor)
    USBD_FS_DeviceDescriptor                 0x0800436d   Thumb Code     8  usbd_desc.o(i.USBD_FS_DeviceDescriptor)
    USBD_FS_InterfaceStrDescriptor           0x08004379   Thumb Code    16  usbd_desc.o(i.USBD_FS_InterfaceStrDescriptor)
    USBD_FS_LangIDStrDescriptor              0x0800439d   Thumb Code     8  usbd_desc.o(i.USBD_FS_LangIDStrDescriptor)
    USBD_FS_ManufacturerStrDescriptor        0x080043a9   Thumb Code    16  usbd_desc.o(i.USBD_FS_ManufacturerStrDescriptor)
    USBD_FS_ProductStrDescriptor             0x080043d1   Thumb Code    16  usbd_desc.o(i.USBD_FS_ProductStrDescriptor)
    USBD_FS_SerialStrDescriptor              0x080043fd   Thumb Code    48  usbd_desc.o(i.USBD_FS_SerialStrDescriptor)
    USBD_GetEpDesc                           0x0800451b   Thumb Code    58  usbd_core.o(i.USBD_GetEpDesc)
    USBD_GetNextDesc                         0x08004555   Thumb Code    14  usbd_core.o(i.USBD_GetNextDesc)
    USBD_GetString                           0x08004563   Thumb Code    72  usbd_ctlreq.o(i.USBD_GetString)
    USBD_Get_USB_Status                      0x080045ab   Thumb Code    24  usbd_conf.o(i.USBD_Get_USB_Status)
    USBD_Init                                0x080045c3   Thumb Code    38  usbd_core.o(i.USBD_Init)
    USBD_LL_ClearStallEP                     0x080045e9   Thumb Code    18  usbd_conf.o(i.USBD_LL_ClearStallEP)
    USBD_LL_CloseEP                          0x080045fb   Thumb Code    18  usbd_conf.o(i.USBD_LL_CloseEP)
    USBD_LL_DataInStage                      0x0800460d   Thumb Code   182  usbd_core.o(i.USBD_LL_DataInStage)
    USBD_LL_DataOutStage                     0x080046c3   Thumb Code   142  usbd_core.o(i.USBD_LL_DataOutStage)
    USBD_LL_DevConnected                     0x08004751   Thumb Code     4  usbd_core.o(i.USBD_LL_DevConnected)
    USBD_LL_DevDisconnected                  0x08004755   Thumb Code    30  usbd_core.o(i.USBD_LL_DevDisconnected)
    USBD_LL_GetRxDataSize                    0x08004773   Thumb Code     8  usbd_conf.o(i.USBD_LL_GetRxDataSize)
    USBD_LL_Init                             0x0800477d   Thumb Code    90  usbd_conf.o(i.USBD_LL_Init)
    USBD_LL_IsStallEP                        0x080047dd   Thumb Code    32  usbd_conf.o(i.USBD_LL_IsStallEP)
    USBD_LL_IsoINIncomplete                  0x080047fd   Thumb Code    40  usbd_core.o(i.USBD_LL_IsoINIncomplete)
    USBD_LL_IsoOUTIncomplete                 0x08004825   Thumb Code    40  usbd_core.o(i.USBD_LL_IsoOUTIncomplete)
    USBD_LL_OpenEP                           0x0800484d   Thumb Code    24  usbd_conf.o(i.USBD_LL_OpenEP)
    USBD_LL_PrepareReceive                   0x08004865   Thumb Code    18  usbd_conf.o(i.USBD_LL_PrepareReceive)
    USBD_LL_Reset                            0x08004877   Thumb Code    92  usbd_core.o(i.USBD_LL_Reset)
    USBD_LL_Resume                           0x080048d3   Thumb Code    20  usbd_core.o(i.USBD_LL_Resume)
    USBD_LL_SOF                              0x080048e7   Thumb Code    26  usbd_core.o(i.USBD_LL_SOF)
    USBD_LL_SetSpeed                         0x08004901   Thumb Code     6  usbd_core.o(i.USBD_LL_SetSpeed)
    USBD_LL_SetUSBAddress                    0x08004907   Thumb Code    18  usbd_conf.o(i.USBD_LL_SetUSBAddress)
    USBD_LL_SetupStage                       0x08004919   Thumb Code    96  usbd_core.o(i.USBD_LL_SetupStage)
    USBD_LL_StallEP                          0x08004979   Thumb Code    18  usbd_conf.o(i.USBD_LL_StallEP)
    USBD_LL_Start                            0x0800498b   Thumb Code    18  usbd_conf.o(i.USBD_LL_Start)
    USBD_LL_Suspend                          0x0800499d   Thumb Code    18  usbd_core.o(i.USBD_LL_Suspend)
    USBD_LL_Transmit                         0x080049af   Thumb Code    18  usbd_conf.o(i.USBD_LL_Transmit)
    USBD_ParseSetupRequest                   0x080049c1   Thumb Code    44  usbd_ctlreq.o(i.USBD_ParseSetupRequest)
    USBD_RegisterClass                       0x080049ed   Thumb Code    58  usbd_core.o(i.USBD_RegisterClass)
    USBD_SetClassConfig                      0x08004a27   Thumb Code    20  usbd_core.o(i.USBD_SetClassConfig)
    USBD_Start                               0x08004af5   Thumb Code     4  usbd_core.o(i.USBD_Start)
    USBD_StdDevReq                           0x08004af9   Thumb Code   300  usbd_ctlreq.o(i.USBD_StdDevReq)
    USBD_StdEPReq                            0x08004c25   Thumb Code   352  usbd_ctlreq.o(i.USBD_StdEPReq)
    USBD_StdItfReq                           0x08004d85   Thumb Code   114  usbd_ctlreq.o(i.USBD_StdItfReq)
    USBD_static_free                         0x08004df7   Thumb Code     2  usbd_conf.o(i.USBD_static_free)
    USBD_static_malloc                       0x08004df9   Thumb Code     4  usbd_conf.o(i.USBD_static_malloc)
    USB_ActivateEndpoint                     0x08004e01   Thumb Code   122  stm32f4xx_ll_usb.o(i.USB_ActivateEndpoint)
    USB_ActivateSetup                        0x08004e81   Thumb Code    28  stm32f4xx_ll_usb.o(i.USB_ActivateSetup)
    USB_CoreInit                             0x08004e9d   Thumb Code   112  stm32f4xx_ll_usb.o(i.USB_CoreInit)
    USB_DeactivateEndpoint                   0x08004f51   Thumb Code   194  stm32f4xx_ll_usb.o(i.USB_DeactivateEndpoint)
    USB_DevConnect                           0x0800501d   Thumb Code    28  stm32f4xx_ll_usb.o(i.USB_DevConnect)
    USB_DevDisconnect                        0x08005039   Thumb Code    28  stm32f4xx_ll_usb.o(i.USB_DevDisconnect)
    USB_DevInit                              0x08005055   Thumb Code   362  stm32f4xx_ll_usb.o(i.USB_DevInit)
    USB_DisableGlobalInt                     0x080051c9   Thumb Code    12  stm32f4xx_ll_usb.o(i.USB_DisableGlobalInt)
    USB_EP0StartXfer                         0x080051d5   Thumb Code   280  stm32f4xx_ll_usb.o(i.USB_EP0StartXfer)
    USB_EP0_OutStart                         0x080052f1   Thumb Code    84  stm32f4xx_ll_usb.o(i.USB_EP0_OutStart)
    USB_EPClearStall                         0x08005349   Thumb Code    88  stm32f4xx_ll_usb.o(i.USB_EPClearStall)
    USB_EPSetStall                           0x080053a1   Thumb Code    88  stm32f4xx_ll_usb.o(i.USB_EPSetStall)
    USB_EPStartXfer                          0x080053f9   Thumb Code   480  stm32f4xx_ll_usb.o(i.USB_EPStartXfer)
    USB_EPStopXfer                           0x080055dd   Thumb Code   158  stm32f4xx_ll_usb.o(i.USB_EPStopXfer)
    USB_EnableGlobalInt                      0x0800567b   Thumb Code    12  stm32f4xx_ll_usb.o(i.USB_EnableGlobalInt)
    USB_FlushRxFifo                          0x08005689   Thumb Code    54  stm32f4xx_ll_usb.o(i.USB_FlushRxFifo)
    USB_FlushTxFifo                          0x080056c5   Thumb Code    58  stm32f4xx_ll_usb.o(i.USB_FlushTxFifo)
    USB_GetDevSpeed                          0x08005705   Thumb Code    26  stm32f4xx_ll_usb.o(i.USB_GetDevSpeed)
    USB_GetMode                              0x0800571f   Thumb Code     8  stm32f4xx_ll_usb.o(i.USB_GetMode)
    USB_ReadDevAllInEpInterrupt              0x08005727   Thumb Code    14  stm32f4xx_ll_usb.o(i.USB_ReadDevAllInEpInterrupt)
    USB_ReadDevAllOutEpInterrupt             0x08005735   Thumb Code    14  stm32f4xx_ll_usb.o(i.USB_ReadDevAllOutEpInterrupt)
    USB_ReadDevInEPInterrupt                 0x08005743   Thumb Code    36  stm32f4xx_ll_usb.o(i.USB_ReadDevInEPInterrupt)
    USB_ReadDevOutEPInterrupt                0x08005767   Thumb Code    16  stm32f4xx_ll_usb.o(i.USB_ReadDevOutEPInterrupt)
    USB_ReadInterrupts                       0x08005777   Thumb Code     8  stm32f4xx_ll_usb.o(i.USB_ReadInterrupts)
    USB_ReadPacket                           0x0800577f   Thumb Code    62  stm32f4xx_ll_usb.o(i.USB_ReadPacket)
    USB_SetCurrentMode                       0x080057bd   Thumb Code    92  stm32f4xx_ll_usb.o(i.USB_SetCurrentMode)
    USB_SetDevAddress                        0x08005819   Thumb Code    34  stm32f4xx_ll_usb.o(i.USB_SetDevAddress)
    USB_SetTurnaroundTime                    0x0800583d   Thumb Code   158  stm32f4xx_ll_usb.o(i.USB_SetTurnaroundTime)
    USB_WritePacket                          0x08005925   Thumb Code    40  stm32f4xx_ll_usb.o(i.USB_WritePacket)
    UsageFault_Handler                       0x0800594d   Thumb Code     2  stm32f4xx_it.o(i.UsageFault_Handler)
    _is_digit                                0x0800596f   Thumb Code    14  __printf_wp.o(i._is_digit)
    main                                     0x0800597d   Thumb Code   274  main.o(i.main)
    osDelay                                  0x08005ad9   Thumb Code    14  cmsis_os.o(i.osDelay)
    osKernelStart                            0x08005ae7   Thumb Code    10  cmsis_os.o(i.osKernelStart)
    osThreadCreate                           0x08005af1   Thumb Code    84  cmsis_os.o(i.osThreadCreate)
    pvPortMalloc                             0x08005e91   Thumb Code   216  heap_4.o(i.pvPortMalloc)
    pxPortInitialiseStack                    0x08005f6d   Thumb Code    40  port.o(i.pxPortInitialiseStack)
    uxListRemove                             0x08005f99   Thumb Code    38  list.o(i.uxListRemove)
    vApplicationGetIdleTaskMemory            0x08005fc1   Thumb Code    16  freertos.o(i.vApplicationGetIdleTaskMemory)
    vListInitialise                          0x08005fd5   Thumb Code    22  list.o(i.vListInitialise)
    vListInitialiseItem                      0x08005feb   Thumb Code     6  list.o(i.vListInitialiseItem)
    vListInsert                              0x08005ff1   Thumb Code    48  list.o(i.vListInsert)
    vListInsertEnd                           0x08006021   Thumb Code    24  list.o(i.vListInsertEnd)
    vPortEnterCritical                       0x08006039   Thumb Code    54  port.o(i.vPortEnterCritical)
    vPortExitCritical                        0x08006079   Thumb Code    34  port.o(i.vPortExitCritical)
    vPortFree                                0x080060a1   Thumb Code    94  heap_4.o(i.vPortFree)
    vPortSetupTimerInterrupt                 0x08006105   Thumb Code    32  port.o(i.vPortSetupTimerInterrupt)
    vTaskDelay                               0x08006129   Thumb Code    66  tasks.o(i.vTaskDelay)
    vTaskStartScheduler                      0x08006175   Thumb Code    90  tasks.o(i.vTaskStartScheduler)
    vTaskSuspendAll                          0x080061e1   Thumb Code    10  tasks.o(i.vTaskSuspendAll)
    vTaskSwitchContext                       0x080061f1   Thumb Code    82  tasks.o(i.vTaskSwitchContext)
    xPortStartScheduler                      0x0800624d   Thumb Code   222  port.o(i.xPortStartScheduler)
    xTaskCreate                              0x08006341   Thumb Code    90  tasks.o(i.xTaskCreate)
    xTaskCreateStatic                        0x0800639b   Thumb Code    86  tasks.o(i.xTaskCreateStatic)
    xTaskIncrementTick                       0x080063f1   Thumb Code   194  tasks.o(i.xTaskIncrementTick)
    xTaskResumeAll                           0x080064bd   Thumb Code   182  tasks.o(i.xTaskResumeAll)
    _fp_init                                 0x08006581   Thumb Code    10  fpinit.o(x$fpl$fpinit)
    __fplib_config_fpu_vfp                   0x08006589   Thumb Code     0  fpinit.o(x$fpl$fpinit)
    __fplib_config_pureend_doubles           0x08006589   Thumb Code     0  fpinit.o(x$fpl$fpinit)
    AHBPrescTable                            0x080065b0   Data          16  system_stm32f4xx.o(.constdata)
    APBPrescTable                            0x080065c0   Data           8  system_stm32f4xx.o(.constdata)
    Region$$Table$$Base                      0x080065e8   Number         0  anon$$obj.o(Region$$Table)
    Region$$Table$$Limit                     0x08006608   Number         0  anon$$obj.o(Region$$Table)
    defaultTaskHandle                        0x20000000   Data           4  main.o(.data)
    FS_Desc                                  0x20000004   Data          28  usbd_desc.o(.data)
    USBD_LangIDDesc                          0x20000020   Data           4  usbd_desc.o(.data)
    USBD_FS_DeviceDesc                       0x20000024   Data          18  usbd_desc.o(.data)
    USBD_StringSerial                        0x20000038   Data          26  usbd_desc.o(.data)
    USBD_Interface_fops_FS                   0x20000054   Data          20  usbd_cdc_if.o(.data)
    uwTickFreq                               0x20000068   Data           1  stm32f4xx_hal.o(.data)
    uwTickPrio                               0x2000006c   Data           4  stm32f4xx_hal.o(.data)
    uwTick                                   0x20000070   Data           4  stm32f4xx_hal.o(.data)
    SystemCoreClock                          0x20000074   Data           4  system_stm32f4xx.o(.data)
    pxCurrentTCB                             0x20000078   Data           4  tasks.o(.data)
    USBD_CDC                                 0x20000138   Data          56  usbd_cdc.o(.data)
    adc_value                                0x20000170   Data          20  adc.o(.bss)
    hadc1                                    0x20000184   Data          72  main.o(.bss)
    hi2c1                                    0x200001cc   Data          84  main.o(.bss)
    hrtc                                     0x20000220   Data          32  main.o(.bss)
    htim1                                    0x20000240   Data          72  main.o(.bss)
    huart3                                   0x20000288   Data          68  main.o(.bss)
    hdma_adc1                                0x200002cc   Data          96  main.o(.bss)
    hdma_usart3_tx                           0x2000032c   Data          96  main.o(.bss)
    htim3                                    0x200005e0   Data          72  stm32f4xx_hal_timebase_tim.o(.bss)
    hUsbDeviceFS                             0x20000628   Data         732  usb_device.o(.bss)
    USBD_StrDesc                             0x20000904   Data         512  usbd_desc.o(.bss)
    UserRxBufferFS                           0x20000b04   Data        2048  usbd_cdc_if.o(.bss)
    UserTxBufferFS                           0x20001304   Data        2048  usbd_cdc_if.o(.bss)
    hpcd_USB_OTG_FS                          0x20001d24   Data        1292  usbd_conf.o(.bss)
    __libspace_start                         0x20005f20   Data          96  libspace.o(.bss)
    __temporary_stack_top$libspace           0x20005f80   Data           0  libspace.o(.bss)



==============================================================================

Memory Map of the image

  Image Entry point : 0x08000189

  Load Region LR_IROM1 (Base: 0x08000000, Size: 0x00006778, Max: 0x00100000, ABSOLUTE, COMPRESSED[0x000066c4])

    Execution Region ER_IROM1 (Exec base: 0x08000000, Load base: 0x08000000, Size: 0x00006608, Max: 0x00100000, ABSOLUTE)

    Exec Addr    Load Addr    Size         Type   Attr      Idx    E Section Name        Object

    0x08000000   0x08000000   0x00000188   Data   RO            3    RESET               startup_stm32f407xx.o
    0x08000188   0x08000188   0x00000008   Code   RO         6959  * !!!main             c_w.l(__main.o)
    0x08000190   0x08000190   0x00000034   Code   RO         7141    !!!scatter          c_w.l(__scatter.o)
    0x080001c4   0x080001c4   0x0000005a   Code   RO         7139    !!dczerorl2         c_w.l(__dczerorl2.o)
    0x0800021e   0x0800021e   0x00000002   PAD
    0x08000220   0x08000220   0x0000001c   Code   RO         7143    !!handler_zi        c_w.l(__scatter_zi.o)
    0x0800023c   0x0800023c   0x00000000   Code   RO         6946    .ARM.Collect$$_printf_percent$$00000000  c_w.l(_printf_percent.o)
    0x0800023c   0x0800023c   0x00000006   Code   RO         6945    .ARM.Collect$$_printf_percent$$00000009  c_w.l(_printf_d.o)
    0x08000242   0x08000242   0x00000004   Code   RO         6974    .ARM.Collect$$_printf_percent$$00000017  c_w.l(_printf_percent_end.o)
    0x08000246   0x08000246   0x00000002   Code   RO         7009    .ARM.Collect$$libinit$$00000000  c_w.l(libinit.o)
    0x08000248   0x08000248   0x00000004   Code   RO         7021    .ARM.Collect$$libinit$$00000001  c_w.l(libinit2.o)
    0x0800024c   0x0800024c   0x00000000   Code   RO         7024    .ARM.Collect$$libinit$$00000004  c_w.l(libinit2.o)
    0x0800024c   0x0800024c   0x00000000   Code   RO         7027    .ARM.Collect$$libinit$$0000000A  c_w.l(libinit2.o)
    0x0800024c   0x0800024c   0x00000000   Code   RO         7029    .ARM.Collect$$libinit$$0000000C  c_w.l(libinit2.o)
    0x0800024c   0x0800024c   0x00000000   Code   RO         7031    .ARM.Collect$$libinit$$0000000E  c_w.l(libinit2.o)
    0x0800024c   0x0800024c   0x00000000   Code   RO         7034    .ARM.Collect$$libinit$$00000011  c_w.l(libinit2.o)
    0x0800024c   0x0800024c   0x00000000   Code   RO         7036    .ARM.Collect$$libinit$$00000013  c_w.l(libinit2.o)
    0x0800024c   0x0800024c   0x00000000   Code   RO         7038    .ARM.Collect$$libinit$$00000015  c_w.l(libinit2.o)
    0x0800024c   0x0800024c   0x00000000   Code   RO         7040    .ARM.Collect$$libinit$$00000017  c_w.l(libinit2.o)
    0x0800024c   0x0800024c   0x00000000   Code   RO         7042    .ARM.Collect$$libinit$$00000019  c_w.l(libinit2.o)
    0x0800024c   0x0800024c   0x00000000   Code   RO         7044    .ARM.Collect$$libinit$$0000001B  c_w.l(libinit2.o)
    0x0800024c   0x0800024c   0x00000000   Code   RO         7046    .ARM.Collect$$libinit$$0000001D  c_w.l(libinit2.o)
    0x0800024c   0x0800024c   0x00000000   Code   RO         7048    .ARM.Collect$$libinit$$0000001F  c_w.l(libinit2.o)
    0x0800024c   0x0800024c   0x00000000   Code   RO         7050    .ARM.Collect$$libinit$$00000021  c_w.l(libinit2.o)
    0x0800024c   0x0800024c   0x00000000   Code   RO         7052    .ARM.Collect$$libinit$$00000023  c_w.l(libinit2.o)
    0x0800024c   0x0800024c   0x00000000   Code   RO         7054    .ARM.Collect$$libinit$$00000025  c_w.l(libinit2.o)
    0x0800024c   0x0800024c   0x00000000   Code   RO         7058    .ARM.Collect$$libinit$$0000002C  c_w.l(libinit2.o)
    0x0800024c   0x0800024c   0x00000000   Code   RO         7060    .ARM.Collect$$libinit$$0000002E  c_w.l(libinit2.o)
    0x0800024c   0x0800024c   0x00000000   Code   RO         7062    .ARM.Collect$$libinit$$00000030  c_w.l(libinit2.o)
    0x0800024c   0x0800024c   0x00000000   Code   RO         7064    .ARM.Collect$$libinit$$00000032  c_w.l(libinit2.o)
    0x0800024c   0x0800024c   0x00000002   Code   RO         7065    .ARM.Collect$$libinit$$00000033  c_w.l(libinit2.o)
    0x0800024e   0x0800024e   0x00000002   Code   RO         7096    .ARM.Collect$$libshutdown$$00000000  c_w.l(libshutdown.o)
    0x08000250   0x08000250   0x00000000   Code   RO         7122    .ARM.Collect$$libshutdown$$00000002  c_w.l(libshutdown2.o)
    0x08000250   0x08000250   0x00000000   Code   RO         7124    .ARM.Collect$$libshutdown$$00000004  c_w.l(libshutdown2.o)
    0x08000250   0x08000250   0x00000000   Code   RO         7127    .ARM.Collect$$libshutdown$$00000007  c_w.l(libshutdown2.o)
    0x08000250   0x08000250   0x00000000   Code   RO         7130    .ARM.Collect$$libshutdown$$0000000A  c_w.l(libshutdown2.o)
    0x08000250   0x08000250   0x00000000   Code   RO         7132    .ARM.Collect$$libshutdown$$0000000C  c_w.l(libshutdown2.o)
    0x08000250   0x08000250   0x00000000   Code   RO         7135    .ARM.Collect$$libshutdown$$0000000F  c_w.l(libshutdown2.o)
    0x08000250   0x08000250   0x00000002   Code   RO         7136    .ARM.Collect$$libshutdown$$00000010  c_w.l(libshutdown2.o)
    0x08000252   0x08000252   0x00000000   Code   RO         6961    .ARM.Collect$$rtentry$$00000000  c_w.l(__rtentry.o)
    0x08000252   0x08000252   0x00000000   Code   RO         6978    .ARM.Collect$$rtentry$$00000002  c_w.l(__rtentry2.o)
    0x08000252   0x08000252   0x00000006   Code   RO         6990    .ARM.Collect$$rtentry$$00000004  c_w.l(__rtentry4.o)
    0x08000258   0x08000258   0x00000000   Code   RO         6980    .ARM.Collect$$rtentry$$00000009  c_w.l(__rtentry2.o)
    0x08000258   0x08000258   0x00000004   Code   RO         6981    .ARM.Collect$$rtentry$$0000000A  c_w.l(__rtentry2.o)
    0x0800025c   0x0800025c   0x00000000   Code   RO         6983    .ARM.Collect$$rtentry$$0000000C  c_w.l(__rtentry2.o)
    0x0800025c   0x0800025c   0x00000008   Code   RO         6984    .ARM.Collect$$rtentry$$0000000D  c_w.l(__rtentry2.o)
    0x08000264   0x08000264   0x00000002   Code   RO         7013    .ARM.Collect$$rtexit$$00000000  c_w.l(rtexit.o)
    0x08000266   0x08000266   0x00000000   Code   RO         7069    .ARM.Collect$$rtexit$$00000002  c_w.l(rtexit2.o)
    0x08000266   0x08000266   0x00000004   Code   RO         7070    .ARM.Collect$$rtexit$$00000003  c_w.l(rtexit2.o)
    0x0800026a   0x0800026a   0x00000006   Code   RO         7071    .ARM.Collect$$rtexit$$00000004  c_w.l(rtexit2.o)
    0x08000270   0x08000270   0x000000be   Code   RO         6436    .emb_text           port.o
    0x0800032e   0x0800032e   0x00000002   PAD
    0x08000330   0x08000330   0x00000040   Code   RO            4    .text               startup_stm32f407xx.o
    0x08000370   0x08000370   0x000000ee   Code   RO         6913    .text               c_w.l(lludivv7m.o)
    0x0800045e   0x0800045e   0x00000002   PAD
    0x08000460   0x08000460   0x00000034   Code   RO         6917    .text               c_w.l(noretval__2snprintf.o)
    0x08000494   0x08000494   0x0000004e   Code   RO         6921    .text               c_w.l(_printf_pad.o)
    0x080004e2   0x080004e2   0x00000002   PAD
    0x080004e4   0x080004e4   0x00000078   Code   RO         6923    .text               c_w.l(_printf_dec.o)
    0x0800055c   0x0800055c   0x00000138   Code   RO         6937    .text               c_w.l(__printf_flags_wp.o)
    0x08000694   0x08000694   0x0000003e   Code   RO         6947    .text               c_w.l(strlen.o)
    0x080006d2   0x080006d2   0x00000064   Code   RO         6951    .text               c_w.l(rt_memcpy_w.o)
    0x08000736   0x08000736   0x0000004e   Code   RO         6955    .text               c_w.l(rt_memclr_w.o)
    0x08000784   0x08000784   0x00000006   Code   RO         6957    .text               c_w.l(heapauxi.o)
    0x0800078a   0x0800078a   0x000000b2   Code   RO         6966    .text               c_w.l(_printf_intcommon.o)
    0x0800083c   0x0800083c   0x00000030   Code   RO         6968    .text               c_w.l(_printf_char_common.o)
    0x0800086c   0x0800086c   0x0000000a   Code   RO         6970    .text               c_w.l(_sputc.o)
    0x08000876   0x08000876   0x00000010   Code   RO         6972    .text               c_w.l(_snputc.o)
    0x08000886   0x08000886   0x0000004a   Code   RO         6996    .text               c_w.l(sys_stackheap_outer.o)
    0x080008d0   0x080008d0   0x00000012   Code   RO         6998    .text               c_w.l(exit.o)
    0x080008e2   0x080008e2   0x00000002   PAD
    0x080008e4   0x080008e4   0x00000008   Code   RO         7010    .text               c_w.l(libspace.o)
    0x080008ec   0x080008ec   0x0000000c   Code   RO         7066    .text               c_w.l(sys_exit.o)
    0x080008f8   0x080008f8   0x00000002   Code   RO         7085    .text               c_w.l(use_no_semi.o)
    0x080008fa   0x080008fa   0x00000000   Code   RO         7087    .text               c_w.l(indicate_semi.o)
    0x080008fa   0x080008fa   0x0000006e   Code   RO         2722    i.ADC_DMAConvCplt   stm32f4xx_hal_adc.o
    0x08000968   0x08000968   0x00000016   Code   RO         2723    i.ADC_DMAError      stm32f4xx_hal_adc.o
    0x0800097e   0x0800097e   0x0000000a   Code   RO         2724    i.ADC_DMAHalfConvCplt  stm32f4xx_hal_adc.o
    0x08000988   0x08000988   0x00000128   Code   RO         2725    i.ADC_Init          stm32f4xx_hal_adc.o
    0x08000ab0   0x08000ab0   0x00000002   Code   RO          383    i.BusFault_Handler  stm32f4xx_it.o
    0x08000ab2   0x08000ab2   0x00000004   Code   RO          741    i.CDC_Control_FS    usbd_cdc_if.o
    0x08000ab6   0x08000ab6   0x00000004   Code   RO          742    i.CDC_DeInit_FS     usbd_cdc_if.o
    0x08000aba   0x08000aba   0x00000002   PAD
    0x08000abc   0x08000abc   0x00000024   Code   RO          743    i.CDC_Init_FS       usbd_cdc_if.o
    0x08000ae0   0x08000ae0   0x00000018   Code   RO          744    i.CDC_Receive_FS    usbd_cdc_if.o
    0x08000af8   0x08000af8   0x00000004   Code   RO          745    i.CDC_TransmitCplt_FS  usbd_cdc_if.o
    0x08000afc   0x08000afc   0x0000002c   Code   RO          746    i.CDC_Transmit_FS   usbd_cdc_if.o
    0x08000b28   0x08000b28   0x0000000c   Code   RO          384    i.DMA1_Stream3_IRQHandler  stm32f4xx_it.o
    0x08000b34   0x08000b34   0x0000000c   Code   RO          385    i.DMA2_Stream0_IRQHandler  stm32f4xx_it.o
    0x08000b40   0x08000b40   0x00000028   Code   RO         2049    i.DMA_CalcBaseAndBitshift  stm32f4xx_hal_dma.o
    0x08000b68   0x08000b68   0x00000054   Code   RO         2050    i.DMA_CheckFifoParam  stm32f4xx_hal_dma.o
    0x08000bbc   0x08000bbc   0x00000028   Code   RO         2051    i.DMA_SetConfig     stm32f4xx_hal_dma.o
    0x08000be4   0x08000be4   0x00000002   Code   RO          386    i.DebugMon_Handler  stm32f4xx_it.o
    0x08000be6   0x08000be6   0x00000004   Code   RO          255    i.Error_Handler     main.o
    0x08000bea   0x08000bea   0x00000002   PAD
    0x08000bec   0x08000bec   0x0000014c   Code   RO         2727    i.HAL_ADC_ConfigChannel  stm32f4xx_hal_adc.o
    0x08000d38   0x08000d38   0x00000002   Code   RO         2728    i.HAL_ADC_ConvCpltCallback  stm32f4xx_hal_adc.o
    0x08000d3a   0x08000d3a   0x00000002   Code   RO         2729    i.HAL_ADC_ConvHalfCpltCallback  stm32f4xx_hal_adc.o
    0x08000d3c   0x08000d3c   0x00000002   Code   RO         2731    i.HAL_ADC_ErrorCallback  stm32f4xx_hal_adc.o
    0x08000d3e   0x08000d3e   0x00000054   Code   RO         2736    i.HAL_ADC_Init      stm32f4xx_hal_adc.o
    0x08000d92   0x08000d92   0x00000002   PAD
    0x08000d94   0x08000d94   0x00000098   Code   RO          478    i.HAL_ADC_MspInit   stm32f4xx_hal_msp.o
    0x08000e2c   0x08000e2c   0x00000154   Code   RO         2743    i.HAL_ADC_Start_DMA  stm32f4xx_hal_adc.o
    0x08000f80   0x08000f80   0x00000092   Code   RO         2052    i.HAL_DMA_Abort     stm32f4xx_hal_dma.o
    0x08001012   0x08001012   0x00000024   Code   RO         2053    i.HAL_DMA_Abort_IT  stm32f4xx_hal_dma.o
    0x08001036   0x08001036   0x00000002   PAD
    0x08001038   0x08001038   0x000001a0   Code   RO         2057    i.HAL_DMA_IRQHandler  stm32f4xx_hal_dma.o
    0x080011d8   0x080011d8   0x000000d4   Code   RO         2058    i.HAL_DMA_Init      stm32f4xx_hal_dma.o
    0x080012ac   0x080012ac   0x0000006e   Code   RO         2062    i.HAL_DMA_Start_IT  stm32f4xx_hal_dma.o
    0x0800131a   0x0800131a   0x00000002   PAD
    0x0800131c   0x0800131c   0x00000024   Code   RO         2471    i.HAL_Delay         stm32f4xx_hal.o
    0x08001340   0x08001340   0x000001f0   Code   RO         1945    i.HAL_GPIO_Init     stm32f4xx_hal_gpio.o
    0x08001530   0x08001530   0x00000010   Code   RO         1948    i.HAL_GPIO_TogglePin  stm32f4xx_hal_gpio.o
    0x08001540   0x08001540   0x0000000a   Code   RO         1949    i.HAL_GPIO_WritePin  stm32f4xx_hal_gpio.o
    0x0800154a   0x0800154a   0x00000002   PAD
    0x0800154c   0x0800154c   0x0000000c   Code   RO         2477    i.HAL_GetTick       stm32f4xx_hal.o
    0x08001558   0x08001558   0x00000188   Code   RO         3011    i.HAL_I2C_Init      stm32f4xx_hal_i2c.o
    0x080016e0   0x080016e0   0x00000068   Code   RO          480    i.HAL_I2C_MspInit   stm32f4xx_hal_msp.o
    0x08001748   0x08001748   0x00000010   Code   RO         2483    i.HAL_IncTick       stm32f4xx_hal.o
    0x08001758   0x08001758   0x00000034   Code   RO         2484    i.HAL_Init          stm32f4xx_hal.o
    0x0800178c   0x0800178c   0x00000098   Code   RO          562    i.HAL_InitTick      stm32f4xx_hal_timebase_tim.o
    0x08001824   0x08001824   0x00000038   Code   RO          481    i.HAL_MspInit       stm32f4xx_hal_msp.o
    0x0800185c   0x0800185c   0x0000001a   Code   RO         2334    i.HAL_NVIC_EnableIRQ  stm32f4xx_hal_cortex.o
    0x08001876   0x08001876   0x00000002   PAD
    0x08001878   0x08001878   0x00000040   Code   RO         2340    i.HAL_NVIC_SetPriority  stm32f4xx_hal_cortex.o
    0x080018b8   0x080018b8   0x00000024   Code   RO         2341    i.HAL_NVIC_SetPriorityGrouping  stm32f4xx_hal_cortex.o
    0x080018dc   0x080018dc   0x00000002   Code   RO         1244    i.HAL_PCDEx_LPM_Callback  stm32f4xx_hal_pcd_ex.o
    0x080018de   0x080018de   0x00000008   Code   RO         1245    i.HAL_PCDEx_SetRxFiFo  stm32f4xx_hal_pcd_ex.o
    0x080018e6   0x080018e6   0x00000044   Code   RO         1246    i.HAL_PCDEx_SetTxFiFo  stm32f4xx_hal_pcd_ex.o
    0x0800192a   0x0800192a   0x00000008   Code   RO          798    i.HAL_PCD_ConnectCallback  usbd_conf.o
    0x08001932   0x08001932   0x00000012   Code   RO          799    i.HAL_PCD_DataInStageCallback  usbd_conf.o
    0x08001944   0x08001944   0x00000014   Code   RO          800    i.HAL_PCD_DataOutStageCallback  usbd_conf.o
    0x08001958   0x08001958   0x00000008   Code   RO          801    i.HAL_PCD_DisconnectCallback  usbd_conf.o
    0x08001960   0x08001960   0x0000001e   Code   RO         1014    i.HAL_PCD_EP_Abort  stm32f4xx_hal_pcd.o
    0x0800197e   0x0800197e   0x0000004c   Code   RO         1015    i.HAL_PCD_EP_Close  stm32f4xx_hal_pcd.o
    0x080019ca   0x080019ca   0x0000005c   Code   RO         1016    i.HAL_PCD_EP_ClrStall  stm32f4xx_hal_pcd.o
    0x08001a26   0x08001a26   0x00000012   Code   RO         1018    i.HAL_PCD_EP_GetRxCount  stm32f4xx_hal_pcd.o
    0x08001a38   0x08001a38   0x00000060   Code   RO         1019    i.HAL_PCD_EP_Open   stm32f4xx_hal_pcd.o
    0x08001a98   0x08001a98   0x00000048   Code   RO         1020    i.HAL_PCD_EP_Receive  stm32f4xx_hal_pcd.o
    0x08001ae0   0x08001ae0   0x00000074   Code   RO         1021    i.HAL_PCD_EP_SetStall  stm32f4xx_hal_pcd.o
    0x08001b54   0x08001b54   0x00000040   Code   RO         1022    i.HAL_PCD_EP_Transmit  stm32f4xx_hal_pcd.o
    0x08001b94   0x08001b94   0x00000560   Code   RO         1024    i.HAL_PCD_IRQHandler  stm32f4xx_hal_pcd.o
    0x080020f4   0x080020f4   0x00000008   Code   RO          802    i.HAL_PCD_ISOINIncompleteCallback  usbd_conf.o
    0x080020fc   0x080020fc   0x00000008   Code   RO          803    i.HAL_PCD_ISOOUTIncompleteCallback  usbd_conf.o
    0x08002104   0x08002104   0x000000e2   Code   RO         1027    i.HAL_PCD_Init      stm32f4xx_hal_pcd.o
    0x080021e6   0x080021e6   0x00000002   PAD
    0x080021e8   0x080021e8   0x00000084   Code   RO          805    i.HAL_PCD_MspInit   usbd_conf.o
    0x0800226c   0x0800226c   0x0000002c   Code   RO          806    i.HAL_PCD_ResetCallback  usbd_conf.o
    0x08002298   0x08002298   0x00000008   Code   RO          807    i.HAL_PCD_ResumeCallback  usbd_conf.o
    0x080022a0   0x080022a0   0x00000008   Code   RO          808    i.HAL_PCD_SOFCallback  usbd_conf.o
    0x080022a8   0x080022a8   0x00000028   Code   RO         1033    i.HAL_PCD_SetAddress  stm32f4xx_hal_pcd.o
    0x080022d0   0x080022d0   0x0000000e   Code   RO          809    i.HAL_PCD_SetupStageCallback  usbd_conf.o
    0x080022de   0x080022de   0x00000042   Code   RO         1036    i.HAL_PCD_Start     stm32f4xx_hal_pcd.o
    0x08002320   0x08002320   0x00000030   Code   RO          810    i.HAL_PCD_SuspendCallback  usbd_conf.o
    0x08002350   0x08002350   0x0000013c   Code   RO         1696    i.HAL_RCCEx_PeriphCLKConfig  stm32f4xx_hal_rcc_ex.o
    0x0800248c   0x0800248c   0x00000134   Code   RO         1591    i.HAL_RCC_ClockConfig  stm32f4xx_hal_rcc.o
    0x080025c0   0x080025c0   0x00000040   Code   RO         1595    i.HAL_RCC_GetClockConfig  stm32f4xx_hal_rcc.o
    0x08002600   0x08002600   0x0000000c   Code   RO         1596    i.HAL_RCC_GetHCLKFreq  stm32f4xx_hal_rcc.o
    0x0800260c   0x0800260c   0x00000020   Code   RO         1598    i.HAL_RCC_GetPCLK1Freq  stm32f4xx_hal_rcc.o
    0x0800262c   0x0800262c   0x00000020   Code   RO         1599    i.HAL_RCC_GetPCLK2Freq  stm32f4xx_hal_rcc.o
    0x0800264c   0x0800264c   0x00000060   Code   RO         1600    i.HAL_RCC_GetSysClockFreq  stm32f4xx_hal_rcc.o
    0x080026ac   0x080026ac   0x0000036c   Code   RO         1603    i.HAL_RCC_OscConfig  stm32f4xx_hal_rcc.o
    0x08002a18   0x08002a18   0x0000008c   Code   RO         3463    i.HAL_RTC_Init      stm32f4xx_hal_rtc.o
    0x08002aa4   0x08002aa4   0x00000038   Code   RO          483    i.HAL_RTC_MspInit   stm32f4xx_hal_msp.o
    0x08002adc   0x08002adc   0x00000098   Code   RO         3469    i.HAL_RTC_SetDate   stm32f4xx_hal_rtc.o
    0x08002b74   0x08002b74   0x000000c0   Code   RO         3470    i.HAL_RTC_SetTime   stm32f4xx_hal_rtc.o
    0x08002c34   0x08002c34   0x00000036   Code   RO         3471    i.HAL_RTC_WaitForSynchro  stm32f4xx_hal_rtc.o
    0x08002c6a   0x08002c6a   0x00000002   Code   RO         4557    i.HAL_TIMEx_BreakCallback  stm32f4xx_hal_tim_ex.o
    0x08002c6c   0x08002c6c   0x00000002   Code   RO         4558    i.HAL_TIMEx_CommutCallback  stm32f4xx_hal_tim_ex.o
    0x08002c6e   0x08002c6e   0x00000002   PAD
    0x08002c70   0x08002c70   0x00000090   Code   RO         4576    i.HAL_TIMEx_MasterConfigSynchronization  stm32f4xx_hal_tim_ex.o
    0x08002d00   0x08002d00   0x0000005a   Code   RO         3853    i.HAL_TIM_Base_Init  stm32f4xx_hal_tim.o
    0x08002d5a   0x08002d5a   0x00000002   PAD
    0x08002d5c   0x08002d5c   0x0000003c   Code   RO          485    i.HAL_TIM_Base_MspInit  stm32f4xx_hal_msp.o
    0x08002d98   0x08002d98   0x00000080   Code   RO         3858    i.HAL_TIM_Base_Start_IT  stm32f4xx_hal_tim.o
    0x08002e18   0x08002e18   0x000000dc   Code   RO         3862    i.HAL_TIM_ConfigClockSource  stm32f4xx_hal_tim.o
    0x08002ef4   0x08002ef4   0x00000002   Code   RO         3887    i.HAL_TIM_IC_CaptureCallback  stm32f4xx_hal_tim.o
    0x08002ef6   0x08002ef6   0x00000166   Code   RO         3901    i.HAL_TIM_IRQHandler  stm32f4xx_hal_tim.o
    0x0800305c   0x0800305c   0x00000002   Code   RO         3904    i.HAL_TIM_OC_DelayElapsedCallback  stm32f4xx_hal_tim.o
    0x0800305e   0x0800305e   0x00000002   Code   RO         3931    i.HAL_TIM_PWM_PulseFinishedCallback  stm32f4xx_hal_tim.o
    0x08003060   0x08003060   0x00000014   Code   RO          256    i.HAL_TIM_PeriodElapsedCallback  main.o
    0x08003074   0x08003074   0x00000002   Code   RO         3944    i.HAL_TIM_TriggerCallback  stm32f4xx_hal_tim.o
    0x08003076   0x08003076   0x00000002   Code   RO         4835    i.HAL_UARTEx_RxEventCallback  stm32f4xx_hal_uart.o
    0x08003078   0x08003078   0x00000002   Code   RO         4849    i.HAL_UART_ErrorCallback  stm32f4xx_hal_uart.o
    0x0800307a   0x0800307a   0x00000002   PAD
    0x0800307c   0x0800307c   0x00000268   Code   RO         4852    i.HAL_UART_IRQHandler  stm32f4xx_hal_uart.o
    0x080032e4   0x080032e4   0x00000062   Code   RO         4853    i.HAL_UART_Init     stm32f4xx_hal_uart.o
    0x08003346   0x08003346   0x00000002   PAD
    0x08003348   0x08003348   0x000000b4   Code   RO          487    i.HAL_UART_MspInit  stm32f4xx_hal_msp.o
    0x080033fc   0x080033fc   0x00000002   Code   RO         4859    i.HAL_UART_RxCpltCallback  stm32f4xx_hal_uart.o
    0x080033fe   0x080033fe   0x00000002   Code   RO         4864    i.HAL_UART_TxCpltCallback  stm32f4xx_hal_uart.o
    0x08003400   0x08003400   0x00000002   Code   RO          387    i.HardFault_Handler  stm32f4xx_it.o
    0x08003402   0x08003402   0x00000002   PAD
    0x08003404   0x08003404   0x00000038   Code   RO          649    i.IntToUnicode      usbd_desc.o
    0x0800343c   0x0800343c   0x0000008c   Code   RO          257    i.MX_ADC1_Init      main.o
    0x080034c8   0x080034c8   0x00000080   Code   RO          258    i.MX_GPIO_Init      main.o
    0x08003548   0x08003548   0x00000080   Code   RO          259    i.MX_RTC_Init       main.o
    0x080035c8   0x080035c8   0x0000006c   Code   RO          260    i.MX_TIM1_Init      main.o
    0x08003634   0x08003634   0x00000054   Code   RO          601    i.MX_USB_DEVICE_Init  usb_device.o
    0x08003688   0x08003688   0x00000002   Code   RO          388    i.MemManage_Handler  stm32f4xx_it.o
    0x0800368a   0x0800368a   0x00000002   Code   RO          389    i.NMI_Handler       stm32f4xx_it.o
    0x0800368c   0x0800368c   0x0000000c   Code   RO          390    i.OTG_FS_IRQHandler  stm32f4xx_it.o
    0x08003698   0x08003698   0x000000cc   Code   RO         1040    i.PCD_EP_OutXfrComplete_int  stm32f4xx_hal_pcd.o
    0x08003764   0x08003764   0x000000a2   Code   RO         1041    i.PCD_WriteEmptyTxFifo  stm32f4xx_hal_pcd.o
    0x08003806   0x08003806   0x00000018   Code   RO         3473    i.RTC_ByteToBcd2    stm32f4xx_hal_rtc.o
    0x0800381e   0x0800381e   0x00000002   PAD
    0x08003820   0x08003820   0x00000048   Code   RO         3474    i.RTC_EnterInitMode  stm32f4xx_hal_rtc.o
    0x08003868   0x08003868   0x0000002a   Code   RO         3475    i.RTC_ExitInitMode  stm32f4xx_hal_rtc.o
    0x08003892   0x08003892   0x0000000a   Code   RO         6675    i.SWAPBYTE          usbd_ctlreq.o
    0x0800389c   0x0800389c   0x0000000c   Code   RO          261    i.StartDefaultTask  main.o
    0x080038a8   0x080038a8   0x0000002c   Code   RO         6437    i.SysTick_Handler   port.o
    0x080038d4   0x080038d4   0x0000009c   Code   RO          262    i.SystemClock_Config  main.o
    0x08003970   0x08003970   0x00000010   Code   RO         5182    i.SystemInit        system_stm32f4xx.o
    0x08003980   0x08003980   0x0000000c   Code   RO          391    i.TIM1_UP_TIM10_IRQHandler  stm32f4xx_it.o
    0x0800398c   0x0800398c   0x0000000c   Code   RO          392    i.TIM3_IRQHandler   stm32f4xx_it.o
    0x08003998   0x08003998   0x000000c8   Code   RO         3946    i.TIM_Base_SetConfig  stm32f4xx_hal_tim.o
    0x08003a60   0x08003a60   0x00000014   Code   RO         3957    i.TIM_ETR_SetConfig  stm32f4xx_hal_tim.o
    0x08003a74   0x08003a74   0x00000010   Code   RO         3958    i.TIM_ITRx_SetConfig  stm32f4xx_hal_tim.o
    0x08003a84   0x08003a84   0x00000022   Code   RO         3964    i.TIM_TI1_ConfigInputStage  stm32f4xx_hal_tim.o
    0x08003aa6   0x08003aa6   0x00000024   Code   RO         3966    i.TIM_TI2_ConfigInputStage  stm32f4xx_hal_tim.o
    0x08003aca   0x08003aca   0x00000002   PAD
    0x08003acc   0x08003acc   0x0000005c   Code   RO           13    i.Task1             user_task.o
    0x08003b28   0x08003b28   0x00000030   Code   RO          225    i.TaskAdc           adc.o
    0x08003b58   0x08003b58   0x00000010   Code   RO         4866    i.UART_DMAAbortOnError  stm32f4xx_hal_uart.o
    0x08003b68   0x08003b68   0x0000004e   Code   RO         4876    i.UART_EndRxTransfer  stm32f4xx_hal_uart.o
    0x08003bb6   0x08003bb6   0x000000c0   Code   RO         4878    i.UART_Receive_IT   stm32f4xx_hal_uart.o
    0x08003c76   0x08003c76   0x00000002   PAD
    0x08003c78   0x08003c78   0x0000010c   Code   RO         4879    i.UART_SetConfig    stm32f4xx_hal_uart.o
    0x08003d84   0x08003d84   0x0000000c   Code   RO          393    i.USART3_IRQHandler  stm32f4xx_it.o
    0x08003d90   0x08003d90   0x00000076   Code   RO         6808    i.USBD_CDC_DataIn   usbd_cdc.o
    0x08003e06   0x08003e06   0x0000003c   Code   RO         6809    i.USBD_CDC_DataOut  usbd_cdc.o
    0x08003e42   0x08003e42   0x00000002   PAD
    0x08003e44   0x08003e44   0x00000090   Code   RO         6810    i.USBD_CDC_DeInit   usbd_cdc.o
    0x08003ed4   0x08003ed4   0x00000036   Code   RO         6811    i.USBD_CDC_EP0_RxReady  usbd_cdc.o
    0x08003f0a   0x08003f0a   0x00000002   PAD
    0x08003f0c   0x08003f0c   0x0000000c   Code   RO         6812    i.USBD_CDC_GetDeviceQualifierDescriptor  usbd_cdc.o
    0x08003f18   0x08003f18   0x0000003c   Code   RO         6813    i.USBD_CDC_GetFSCfgDesc  usbd_cdc.o
    0x08003f54   0x08003f54   0x00000040   Code   RO         6814    i.USBD_CDC_GetHSCfgDesc  usbd_cdc.o
    0x08003f94   0x08003f94   0x0000003c   Code   RO         6815    i.USBD_CDC_GetOtherSpeedCfgDesc  usbd_cdc.o
    0x08003fd0   0x08003fd0   0x00000118   Code   RO         6816    i.USBD_CDC_Init     usbd_cdc.o
    0x080040e8   0x080040e8   0x00000038   Code   RO         6817    i.USBD_CDC_ReceivePacket  usbd_cdc.o
    0x08004120   0x08004120   0x00000016   Code   RO         6818    i.USBD_CDC_RegisterInterface  usbd_cdc.o
    0x08004136   0x08004136   0x0000001a   Code   RO         6819    i.USBD_CDC_SetRxBuffer  usbd_cdc.o
    0x08004150   0x08004150   0x0000001e   Code   RO         6820    i.USBD_CDC_SetTxBuffer  usbd_cdc.o
    0x0800416e   0x0800416e   0x000000d4   Code   RO         6821    i.USBD_CDC_Setup    usbd_cdc.o
    0x08004242   0x08004242   0x00000002   PAD
    0x08004244   0x08004244   0x00000050   Code   RO         6822    i.USBD_CDC_TransmitPacket  usbd_cdc.o
    0x08004294   0x08004294   0x00000014   Code   RO         6516    i.USBD_ClrClassConfig  usbd_core.o
    0x080042a8   0x080042a8   0x00000004   Code   RO         6517    i.USBD_CoreFindEP   usbd_core.o
    0x080042ac   0x080042ac   0x00000004   Code   RO         6518    i.USBD_CoreFindIF   usbd_core.o
    0x080042b0   0x080042b0   0x00000010   Code   RO         6748    i.USBD_CtlContinueRx  usbd_ioreq.o
    0x080042c0   0x080042c0   0x00000010   Code   RO         6749    i.USBD_CtlContinueSendData  usbd_ioreq.o
    0x080042d0   0x080042d0   0x00000016   Code   RO         6676    i.USBD_CtlError     usbd_ctlreq.o
    0x080042e6   0x080042e6   0x0000001e   Code   RO         6750    i.USBD_CtlPrepareRx  usbd_ioreq.o
    0x08004304   0x08004304   0x00000016   Code   RO         6751    i.USBD_CtlReceiveStatus  usbd_ioreq.o
    0x0800431a   0x0800431a   0x0000001a   Code   RO         6752    i.USBD_CtlSendData  usbd_ioreq.o
    0x08004334   0x08004334   0x00000016   Code   RO         6753    i.USBD_CtlSendStatus  usbd_ioreq.o
    0x0800434a   0x0800434a   0x00000002   PAD
    0x0800434c   0x0800434c   0x00000020   Code   RO          650    i.USBD_FS_ConfigStrDescriptor  usbd_desc.o
    0x0800436c   0x0800436c   0x0000000c   Code   RO          651    i.USBD_FS_DeviceDescriptor  usbd_desc.o
    0x08004378   0x08004378   0x00000024   Code   RO          652    i.USBD_FS_InterfaceStrDescriptor  usbd_desc.o
    0x0800439c   0x0800439c   0x0000000c   Code   RO          653    i.USBD_FS_LangIDStrDescriptor  usbd_desc.o
    0x080043a8   0x080043a8   0x00000028   Code   RO          654    i.USBD_FS_ManufacturerStrDescriptor  usbd_desc.o
    0x080043d0   0x080043d0   0x0000002c   Code   RO          655    i.USBD_FS_ProductStrDescriptor  usbd_desc.o
    0x080043fc   0x080043fc   0x00000038   Code   RO          656    i.USBD_FS_SerialStrDescriptor  usbd_desc.o
    0x08004434   0x08004434   0x000000e6   Code   RO         6677    i.USBD_GetDescriptor  usbd_ctlreq.o
    0x0800451a   0x0800451a   0x0000003a   Code   RO         6520    i.USBD_GetEpDesc    usbd_core.o
    0x08004554   0x08004554   0x0000000e   Code   RO         6521    i.USBD_GetNextDesc  usbd_core.o
    0x08004562   0x08004562   0x00000048   Code   RO         6678    i.USBD_GetString    usbd_ctlreq.o
    0x080045aa   0x080045aa   0x00000018   Code   RO          811    i.USBD_Get_USB_Status  usbd_conf.o
    0x080045c2   0x080045c2   0x00000026   Code   RO         6522    i.USBD_Init         usbd_core.o
    0x080045e8   0x080045e8   0x00000012   Code   RO          812    i.USBD_LL_ClearStallEP  usbd_conf.o
    0x080045fa   0x080045fa   0x00000012   Code   RO          813    i.USBD_LL_CloseEP   usbd_conf.o
    0x0800460c   0x0800460c   0x000000b6   Code   RO         6523    i.USBD_LL_DataInStage  usbd_core.o
    0x080046c2   0x080046c2   0x0000008e   Code   RO         6524    i.USBD_LL_DataOutStage  usbd_core.o
    0x08004750   0x08004750   0x00000004   Code   RO         6525    i.USBD_LL_DevConnected  usbd_core.o
    0x08004754   0x08004754   0x0000001e   Code   RO         6526    i.USBD_LL_DevDisconnected  usbd_core.o
    0x08004772   0x08004772   0x00000008   Code   RO          817    i.USBD_LL_GetRxDataSize  usbd_conf.o
    0x0800477a   0x0800477a   0x00000002   PAD
    0x0800477c   0x0800477c   0x00000060   Code   RO          818    i.USBD_LL_Init      usbd_conf.o
    0x080047dc   0x080047dc   0x00000020   Code   RO          819    i.USBD_LL_IsStallEP  usbd_conf.o
    0x080047fc   0x080047fc   0x00000028   Code   RO         6527    i.USBD_LL_IsoINIncomplete  usbd_core.o
    0x08004824   0x08004824   0x00000028   Code   RO         6528    i.USBD_LL_IsoOUTIncomplete  usbd_core.o
    0x0800484c   0x0800484c   0x00000018   Code   RO          820    i.USBD_LL_OpenEP    usbd_conf.o
    0x08004864   0x08004864   0x00000012   Code   RO          821    i.USBD_LL_PrepareReceive  usbd_conf.o
    0x08004876   0x08004876   0x0000005c   Code   RO         6529    i.USBD_LL_Reset     usbd_core.o
    0x080048d2   0x080048d2   0x00000014   Code   RO         6530    i.USBD_LL_Resume    usbd_core.o
    0x080048e6   0x080048e6   0x0000001a   Code   RO         6531    i.USBD_LL_SOF       usbd_core.o
    0x08004900   0x08004900   0x00000006   Code   RO         6532    i.USBD_LL_SetSpeed  usbd_core.o
    0x08004906   0x08004906   0x00000012   Code   RO          822    i.USBD_LL_SetUSBAddress  usbd_conf.o
    0x08004918   0x08004918   0x00000060   Code   RO         6533    i.USBD_LL_SetupStage  usbd_core.o
    0x08004978   0x08004978   0x00000012   Code   RO          823    i.USBD_LL_StallEP   usbd_conf.o
    0x0800498a   0x0800498a   0x00000012   Code   RO          824    i.USBD_LL_Start     usbd_conf.o
    0x0800499c   0x0800499c   0x00000012   Code   RO         6534    i.USBD_LL_Suspend   usbd_core.o
    0x080049ae   0x080049ae   0x00000012   Code   RO          826    i.USBD_LL_Transmit  usbd_conf.o
    0x080049c0   0x080049c0   0x0000002c   Code   RO         6679    i.USBD_ParseSetupRequest  usbd_ctlreq.o
    0x080049ec   0x080049ec   0x0000003a   Code   RO         6535    i.USBD_RegisterClass  usbd_core.o
    0x08004a26   0x08004a26   0x00000014   Code   RO         6537    i.USBD_SetClassConfig  usbd_core.o
    0x08004a3a   0x08004a3a   0x00000002   PAD
    0x08004a3c   0x08004a3c   0x000000b8   Code   RO         6680    i.USBD_SetConfig    usbd_ctlreq.o
    0x08004af4   0x08004af4   0x00000004   Code   RO         6538    i.USBD_Start        usbd_core.o
    0x08004af8   0x08004af8   0x0000012c   Code   RO         6681    i.USBD_StdDevReq    usbd_ctlreq.o
    0x08004c24   0x08004c24   0x00000160   Code   RO         6682    i.USBD_StdEPReq     usbd_ctlreq.o
    0x08004d84   0x08004d84   0x00000072   Code   RO         6683    i.USBD_StdItfReq    usbd_ctlreq.o
    0x08004df6   0x08004df6   0x00000002   Code   RO          827    i.USBD_static_free  usbd_conf.o
    0x08004df8   0x08004df8   0x00000008   Code   RO          828    i.USBD_static_malloc  usbd_conf.o
    0x08004e00   0x08004e00   0x00000080   Code   RO         1286    i.USB_ActivateEndpoint  stm32f4xx_ll_usb.o
    0x08004e80   0x08004e80   0x0000001c   Code   RO         1288    i.USB_ActivateSetup  stm32f4xx_ll_usb.o
    0x08004e9c   0x08004e9c   0x00000074   Code   RO         1290    i.USB_CoreInit      stm32f4xx_ll_usb.o
    0x08004f10   0x08004f10   0x00000040   Code   RO         1291    i.USB_CoreReset     stm32f4xx_ll_usb.o
    0x08004f50   0x08004f50   0x000000cc   Code   RO         1294    i.USB_DeactivateEndpoint  stm32f4xx_ll_usb.o
    0x0800501c   0x0800501c   0x0000001c   Code   RO         1295    i.USB_DevConnect    stm32f4xx_ll_usb.o
    0x08005038   0x08005038   0x0000001c   Code   RO         1296    i.USB_DevDisconnect  stm32f4xx_ll_usb.o
    0x08005054   0x08005054   0x00000174   Code   RO         1297    i.USB_DevInit       stm32f4xx_ll_usb.o
    0x080051c8   0x080051c8   0x0000000c   Code   RO         1298    i.USB_DisableGlobalInt  stm32f4xx_ll_usb.o
    0x080051d4   0x080051d4   0x0000011c   Code   RO         1301    i.USB_EP0StartXfer  stm32f4xx_ll_usb.o
    0x080052f0   0x080052f0   0x00000058   Code   RO         1302    i.USB_EP0_OutStart  stm32f4xx_ll_usb.o
    0x08005348   0x08005348   0x00000058   Code   RO         1303    i.USB_EPClearStall  stm32f4xx_ll_usb.o
    0x080053a0   0x080053a0   0x00000058   Code   RO         1304    i.USB_EPSetStall    stm32f4xx_ll_usb.o
    0x080053f8   0x080053f8   0x000001e4   Code   RO         1305    i.USB_EPStartXfer   stm32f4xx_ll_usb.o
    0x080055dc   0x080055dc   0x0000009e   Code   RO         1306    i.USB_EPStopXfer    stm32f4xx_ll_usb.o
    0x0800567a   0x0800567a   0x0000000c   Code   RO         1307    i.USB_EnableGlobalInt  stm32f4xx_ll_usb.o
    0x08005686   0x08005686   0x00000002   PAD
    0x08005688   0x08005688   0x0000003c   Code   RO         1308    i.USB_FlushRxFifo   stm32f4xx_ll_usb.o
    0x080056c4   0x080056c4   0x00000040   Code   RO         1309    i.USB_FlushTxFifo   stm32f4xx_ll_usb.o
    0x08005704   0x08005704   0x0000001a   Code   RO         1311    i.USB_GetDevSpeed   stm32f4xx_ll_usb.o
    0x0800571e   0x0800571e   0x00000008   Code   RO         1313    i.USB_GetMode       stm32f4xx_ll_usb.o
    0x08005726   0x08005726   0x0000000e   Code   RO         1320    i.USB_ReadDevAllInEpInterrupt  stm32f4xx_ll_usb.o
    0x08005734   0x08005734   0x0000000e   Code   RO         1321    i.USB_ReadDevAllOutEpInterrupt  stm32f4xx_ll_usb.o
    0x08005742   0x08005742   0x00000024   Code   RO         1322    i.USB_ReadDevInEPInterrupt  stm32f4xx_ll_usb.o
    0x08005766   0x08005766   0x00000010   Code   RO         1323    i.USB_ReadDevOutEPInterrupt  stm32f4xx_ll_usb.o
    0x08005776   0x08005776   0x00000008   Code   RO         1324    i.USB_ReadInterrupts  stm32f4xx_ll_usb.o
    0x0800577e   0x0800577e   0x0000003e   Code   RO         1325    i.USB_ReadPacket    stm32f4xx_ll_usb.o
    0x080057bc   0x080057bc   0x0000005c   Code   RO         1327    i.USB_SetCurrentMode  stm32f4xx_ll_usb.o
    0x08005818   0x08005818   0x00000022   Code   RO         1328    i.USB_SetDevAddress  stm32f4xx_ll_usb.o
    0x0800583a   0x0800583a   0x00000002   PAD
    0x0800583c   0x0800583c   0x000000e8   Code   RO         1330    i.USB_SetTurnaroundTime  stm32f4xx_ll_usb.o
    0x08005924   0x08005924   0x00000028   Code   RO         1333    i.USB_WritePacket   stm32f4xx_ll_usb.o
    0x0800594c   0x0800594c   0x00000002   Code   RO          394    i.UsageFault_Handler  stm32f4xx_it.o
    0x0800594e   0x0800594e   0x00000020   Code   RO         2347    i.__NVIC_SetPriority  stm32f4xx_hal_cortex.o
    0x0800596e   0x0800596e   0x0000000e   Code   RO         6935    i._is_digit         c_w.l(__printf_wp.o)
    0x0800597c   0x0800597c   0x00000150   Code   RO          263    i.main              main.o
    0x08005acc   0x08005acc   0x0000000c   Code   RO         6002    i.makeFreeRtosPriority  cmsis_os.o
    0x08005ad8   0x08005ad8   0x0000000e   Code   RO         6004    i.osDelay           cmsis_os.o
    0x08005ae6   0x08005ae6   0x0000000a   Code   RO         6007    i.osKernelStart     cmsis_os.o
    0x08005af0   0x08005af0   0x00000054   Code   RO         6041    i.osThreadCreate    cmsis_os.o
    0x08005b44   0x08005b44   0x00000070   Code   RO         5684    i.prvAddCurrentTaskToDelayedList  tasks.o
    0x08005bb4   0x08005bb4   0x000000d0   Code   RO         5685    i.prvAddNewTaskToReadyList  tasks.o
    0x08005c84   0x08005c84   0x00000034   Code   RO         5686    i.prvDeleteTCB      tasks.o
    0x08005cb8   0x08005cb8   0x0000004c   Code   RO         6369    i.prvHeapInit       heap_4.o
    0x08005d04   0x08005d04   0x00000060   Code   RO         5687    i.prvIdleTask       tasks.o
    0x08005d64   0x08005d64   0x00000098   Code   RO         5688    i.prvInitialiseNewTask  tasks.o
    0x08005dfc   0x08005dfc   0x0000004c   Code   RO         6370    i.prvInsertBlockIntoFreeList  heap_4.o
    0x08005e48   0x08005e48   0x00000020   Code   RO         5689    i.prvResetNextTaskUnblockTime  tasks.o
    0x08005e68   0x08005e68   0x00000028   Code   RO         6438    i.prvTaskExitError  port.o
    0x08005e90   0x08005e90   0x000000dc   Code   RO         6371    i.pvPortMalloc      heap_4.o
    0x08005f6c   0x08005f6c   0x0000002c   Code   RO         6439    i.pxPortInitialiseStack  port.o
    0x08005f98   0x08005f98   0x00000026   Code   RO         5320    i.uxListRemove      list.o
    0x08005fbe   0x08005fbe   0x00000002   PAD
    0x08005fc0   0x08005fc0   0x00000014   Code   RO          349    i.vApplicationGetIdleTaskMemory  freertos.o
    0x08005fd4   0x08005fd4   0x00000016   Code   RO         5321    i.vListInitialise   list.o
    0x08005fea   0x08005fea   0x00000006   Code   RO         5322    i.vListInitialiseItem  list.o
    0x08005ff0   0x08005ff0   0x00000030   Code   RO         5323    i.vListInsert       list.o
    0x08006020   0x08006020   0x00000018   Code   RO         5324    i.vListInsertEnd    list.o
    0x08006038   0x08006038   0x00000040   Code   RO         6441    i.vPortEnterCritical  port.o
    0x08006078   0x08006078   0x00000028   Code   RO         6442    i.vPortExitCritical  port.o
    0x080060a0   0x080060a0   0x00000064   Code   RO         6372    i.vPortFree         heap_4.o
    0x08006104   0x08006104   0x00000024   Code   RO         6443    i.vPortSetupTimerInterrupt  port.o
    0x08006128   0x08006128   0x0000004c   Code   RO         5698    i.vTaskDelay        tasks.o
    0x08006174   0x08006174   0x0000006c   Code   RO         5711    i.vTaskStartScheduler  tasks.o
    0x080061e0   0x080061e0   0x00000010   Code   RO         5713    i.vTaskSuspendAll   tasks.o
    0x080061f0   0x080061f0   0x0000005c   Code   RO         5714    i.vTaskSwitchContext  tasks.o
    0x0800624c   0x0800624c   0x000000f4   Code   RO         6445    i.xPortStartScheduler  port.o
    0x08006340   0x08006340   0x0000005a   Code   RO         5717    i.xTaskCreate       tasks.o
    0x0800639a   0x0800639a   0x00000056   Code   RO         5718    i.xTaskCreateStatic  tasks.o
    0x080063f0   0x080063f0   0x000000cc   Code   RO         5725    i.xTaskIncrementTick  tasks.o
    0x080064bc   0x080064bc   0x000000c4   Code   RO         5731    i.xTaskResumeAll    tasks.o
    0x08006580   0x08006580   0x0000000a   Code   RO         7081    x$fpl$fpinit        fz_wm.l(fpinit.o)
    0x0800658a   0x0800658a   0x00000002   PAD
    0x0800658c   0x0800658c   0x0000001c   Data   RO          267    .constdata          main.o
    0x080065a8   0x080065a8   0x00000008   Data   RO         2064    .constdata          stm32f4xx_hal_dma.o
    0x080065b0   0x080065b0   0x00000010   Data   RO         5183    .constdata          system_stm32f4xx.o
    0x080065c0   0x080065c0   0x00000008   Data   RO         5184    .constdata          system_stm32f4xx.o
    0x080065c8   0x080065c8   0x00000011   Data   RO         6938    .constdata          c_w.l(__printf_flags_wp.o)
    0x080065d9   0x080065d9   0x00000003   PAD
    0x080065dc   0x080065dc   0x0000000c   Data   RO          268    .conststring        main.o
    0x080065e8   0x080065e8   0x00000020   Data   RO         7137    Region$$Table       anon$$obj.o


    Execution Region RW_IRAM1 (Exec base: 0x20000000, Load base: 0x08006608, Size: 0x00006580, Max: 0x0001c000, ABSOLUTE, COMPRESSED[0x000000bc])

    Exec Addr    Load Addr    Size         Type   Attr      Idx    E Section Name        Object

    0x20000000   COMPRESSED   0x00000004   Data   RW          269    .data               main.o
    0x20000004   COMPRESSED   0x0000001c   Data   RW          658    .data               usbd_desc.o
    0x20000020   COMPRESSED   0x00000032   Data   RW          659    .data               usbd_desc.o
    0x20000052   COMPRESSED   0x00000002   PAD
    0x20000054   COMPRESSED   0x00000014   Data   RW          748    .data               usbd_cdc_if.o
    0x20000068   COMPRESSED   0x0000000c   Data   RW         2491    .data               stm32f4xx_hal.o
    0x20000074   COMPRESSED   0x00000004   Data   RW         5185    .data               system_stm32f4xx.o
    0x20000078   COMPRESSED   0x0000003c   Data   RW         5734    .data               tasks.o
    0x200000b4   COMPRESSED   0x00000020   Data   RW         6378    .data               heap_4.o
    0x200000d4   COMPRESSED   0x0000000c   Data   RW         6446    .data               port.o
    0x200000e0   COMPRESSED   0x00000001   Data   RW         6684    .data               usbd_ctlreq.o
    0x200000e1   COMPRESSED   0x00000003   PAD
    0x200000e4   COMPRESSED   0x00000053   Data   RW         6823    .data               usbd_cdc.o
    0x20000137   COMPRESSED   0x00000001   PAD
    0x20000138   COMPRESSED   0x00000038   Data   RW         6824    .data               usbd_cdc.o
    0x20000170        -       0x00000014   Zero   RW          226    .bss                adc.o
    0x20000184        -       0x00000148   Zero   RW          264    .bss                main.o
    0x200002cc        -       0x00000060   Zero   RW          265    .bss                main.o
    0x2000032c        -       0x00000060   Zero   RW          266    .bss                main.o
    0x2000038c        -       0x00000254   Zero   RW          350    .bss                freertos.o
    0x200005e0        -       0x00000048   Zero   RW          565    .bss                stm32f4xx_hal_timebase_tim.o
    0x20000628        -       0x000002dc   Zero   RW          602    .bss                usb_device.o
    0x20000904        -       0x00000200   Zero   RW          657    .bss                usbd_desc.o
    0x20000b04        -       0x00001000   Zero   RW          747    .bss                usbd_cdc_if.o
    0x20001b04        -       0x0000072c   Zero   RW          829    .bss                usbd_conf.o
    0x20002230        -       0x000000f0   Zero   RW         5733    .bss                tasks.o
    0x20002320        -       0x00003c00   Zero   RW         6377    .bss                heap_4.o
    0x20005f20        -       0x00000060   Zero   RW         7011    .bss                c_w.l(libspace.o)
    0x20005f80        -       0x00000200   Zero   RW            2    HEAP                startup_stm32f407xx.o
    0x20006180        -       0x00000400   Zero   RW            1    STACK               startup_stm32f407xx.o


    Execution Region RW_IRAM2 (Exec base: 0x2001c000, Load base: 0x080066c4, Size: 0x00000000, Max: 0x00004000, ABSOLUTE)

    **** No section assigned to this execution region ****


==============================================================================

Image component sizes


      Code (inc. data)   RO Data    RW Data    ZI Data      Debug   Object Name

        48          6          0          0         20        986   adc.o
       120          0          0          0          0      23261   cmsis_os.o
         0          0          0          0          0      16872   event_groups.o
        20          4          0          0        596       1232   freertos.o
       472         24          0         32      15360       7395   heap_4.o
       138          0          0          0          0       3526   list.o
      1032        116         40          4        520      16914   main.o
       702         72          0         12          0      10952   port.o
        64         26        392          0       1536        840   startup_stm32f407xx.o
       116         18          0         12          0       8702   stm32f4xx_hal.o
      1200         66          0          0          0       7413   stm32f4xx_hal_adc.o
       158         14          0          0          0      33142   stm32f4xx_hal_cortex.o
      1084         16          8          0          0       7322   stm32f4xx_hal_dma.o
       522         46          0          0          0       2821   stm32f4xx_hal_gpio.o
       392         16          0          0          0       3111   stm32f4xx_hal_i2c.o
       608         76          0          0          0       4441   stm32f4xx_hal_msp.o
      2638         12          0          0          0      13660   stm32f4xx_hal_pcd.o
        78          0          0          0          0       2393   stm32f4xx_hal_pcd_ex.o
      1420         88          0          0          0       6353   stm32f4xx_hal_rcc.o
       316         20          0          0          0       1384   stm32f4xx_hal_rcc_ex.o
       676         16          0          0          0       6067   stm32f4xx_hal_rtc.o
      1110         72          0          0          0      10117   stm32f4xx_hal_tim.o
       148         28          0          0          0       2441   stm32f4xx_hal_tim_ex.o
       152         20          0          0         72       1471   stm32f4xx_hal_timebase_tim.o
      1276         16          0          0          0       8288   stm32f4xx_hal_uart.o
        84         36          0          0          0       5594   stm32f4xx_it.o
      2888        134          0          0          0      23911   stm32f4xx_ll_usb.o
         0          0          0          0          0        392   stream_buffer.o
        16          4         24          4          0       1115   system_stm32f4xx.o
      1520        112          0         60        240      19434   tasks.o
        84         18          0          0        732       2611   usb_device.o
      1278         36          0        139          0      14337   usbd_cdc.o
       116         22          0         20       4096       3892   usbd_cdc_if.o
       644         24          0          0       1836      16736   usbd_conf.o
       916          0          0          0          0      15387   usbd_core.o
      1328         28          0          1          0      14856   usbd_ctlreq.o
       288        104          0         78        512       6153   usbd_desc.o
       132          0          0          0          0       4508   usbd_ioreq.o
        92         32          0          0          0     760012   user_task.o

    ----------------------------------------------------------------------
     23928       1322        496        368      25520    1090042   Object Totals
         0          0         32          0          0          0   (incl. Generated)
        52          0          0          6          0          0   (incl. Padding)

    ----------------------------------------------------------------------

      Code (inc. data)   RO Data    RW Data    ZI Data      Debug   Library Member Name

        90          0          0          0          0          0   __dczerorl2.o
         8          0          0          0          0         68   __main.o
       312          4         17          0          0         92   __printf_flags_wp.o
        14          0          0          0          0         68   __printf_wp.o
         0          0          0          0          0          0   __rtentry.o
        12          0          0          0          0          0   __rtentry2.o
         6          0          0          0          0          0   __rtentry4.o
        52          8          0          0          0          0   __scatter.o
        28          0          0          0          0          0   __scatter_zi.o
        48          6          0          0          0         96   _printf_char_common.o
         6          0          0          0          0          0   _printf_d.o
       120         16          0          0          0         92   _printf_dec.o
       178          0          0          0          0         88   _printf_intcommon.o
        78          0          0          0          0        108   _printf_pad.o
         0          0          0          0          0          0   _printf_percent.o
         4          0          0          0          0          0   _printf_percent_end.o
        16          0          0          0          0         68   _snputc.o
        10          0          0          0          0         68   _sputc.o
        18          0          0          0          0         80   exit.o
         6          0          0          0          0        152   heapauxi.o
         0          0          0          0          0          0   indicate_semi.o
         2          0          0          0          0          0   libinit.o
         6          0          0          0          0          0   libinit2.o
         2          0          0          0          0          0   libshutdown.o
         2          0          0          0          0          0   libshutdown2.o
         8          4          0          0         96         68   libspace.o
       238          0          0          0          0        100   lludivv7m.o
        52          4          0          0          0         84   noretval__2snprintf.o
        78          0          0          0          0         80   rt_memclr_w.o
       100          0          0          0          0         80   rt_memcpy_w.o
         2          0          0          0          0          0   rtexit.o
        10          0          0          0          0          0   rtexit2.o
        62          0          0          0          0         76   strlen.o
        12          4          0          0          0         68   sys_exit.o
        74          0          0          0          0         80   sys_stackheap_outer.o
         2          0          0          0          0         68   use_no_semi.o
        10          0          0          0          0        116   fpinit.o

    ----------------------------------------------------------------------
      1676         46         20          0         96       1800   Library Totals
        10          0          3          0          0          0   (incl. Padding)

    ----------------------------------------------------------------------

      Code (inc. data)   RO Data    RW Data    ZI Data      Debug   Library Name

      1656         46         17          0         96       1684   c_w.l
        10          0          0          0          0        116   fz_wm.l

    ----------------------------------------------------------------------
      1676         46         20          0         96       1800   Library Totals

    ----------------------------------------------------------------------

==============================================================================


      Code (inc. data)   RO Data    RW Data    ZI Data      Debug   

     25604       1368        516        368      25616    1064010   Grand Totals
     25604       1368        516        188      25616    1064010   ELF Image Totals (compressed)
     25604       1368        516        188          0          0   ROM Totals

==============================================================================

    Total RO  Size (Code + RO Data)                26120 (  25.51kB)
    Total RW  Size (RW Data + ZI Data)             25984 (  25.38kB)
    Total ROM Size (Code + RO Data + RW Data)      26308 (  25.69kB)

==============================================================================

